$2000!022y
$2000!0ZZY
$2000!0zzy
$2000!Andrade
$2000!BRASIL
$2000!BRASILIAN
$2000!BRAZ
$2000!BRAZIL
$2000!Brasil
$2000!Braz
$2000!Brazil
$2000!M31!554
$2000!M311$$@
$2000!MELISSA
$2000!MEliSSA
$2000!MEliSSa
$2000!MeLiSsA
$2000!MelisSA
$2000!MelissA
$2000!Melissa
$2000!OZZY
$2000!OZzy
$2000!OzZY
$2000!OzZy
$2000!OzzY
$2000!Ozzy
$2000!PITTY
$2000!PIttY
$2000!PiTtY
$2000!Pitty
$2000!brasil
$2000!brasilian
$2000!braz
$2000!brazil
$2000!mElIsSa
$2000!meLIssA
$2000!melissa
$2000!oZzY
$2000!ozZY
$2000!ozzy
$2000!pItTy
$2000!pitty
$2000#022y
$2000#0ZZY
$2000#0zzy
$2000#Andrade
$2000#BRASIL
$2000#BRASILIAN
$2000#BRAZ
$2000#BRAZIL
$2000#Brasil
$2000#Braz
$2000#Brazil
$2000#M31!554
$2000#M311$$@
$2000#MELISSA
$2000#MEliSSA
$2000#MEliSSa
$2000#MeLiSsA
$2000#MelisSA
$2000#MelissA
$2000#Melissa
$2000#OZZY
$2000#OZzy
$2000#OzZY
$2000#OzZy
$2000#OzzY
$2000#Ozzy
$2000#PITTY
$2000#PIttY
$2000#PiTtY
$2000#Pitty
$2000#brasil
$2000#brasilian
$2000#braz
$2000#brazil
$2000#mElIsSa
$2000#meLIssA
$2000#melissa
$2000#oZzY
$2000#ozZY
$2000#ozzy
$2000#pItTy
$2000#pitty
$2000$022y
$2000$0ZZY
$2000$0zzy
$2000$Andrade
$2000$BRASIL
$2000$BRASILIAN
$2000$BRAZ
$2000$BRAZIL
$2000$Brasil
$2000$Braz
$2000$Brazil
$2000$M31!554
$2000$M311$$@
$2000$MELISSA
$2000$MEliSSA
$2000$MEliSSa
$2000$MeLiSsA
$2000$MelisSA
$2000$MelissA
$2000$Melissa
$2000$OZZY
$2000$OZzy
$2000$OzZY
$2000$OzZy
$2000$OzzY
$2000$Ozzy
$2000$PITTY
$2000$PIttY
$2000$PiTtY
$2000$Pitty
$2000$brasil
$2000$brasilian
$2000$braz
$2000$brazil
$2000$mElIsSa
$2000$meLIssA
$2000$melissa
$2000$oZzY
$2000$ozZY
$2000$ozzy
$2000$pItTy
$2000$pitty
$2000-022y
$2000-0ZZY
$2000-0zzy
$2000-Andrade
$2000-BRASIL
$2000-BRASILIAN
$2000-BRAZ
$2000-BRAZIL
$2000-Brasil
$2000-Braz
$2000-Brazil
$2000-M31!554
$2000-M311$$@
$2000-MELISSA
$2000-MEliSSA
$2000-MEliSSa
$2000-MeLiSsA
$2000-MelisSA
$2000-MelissA
$2000-Melissa
$2000-OZZY
$2000-OZzy
$2000-OzZY
$2000-OzZy
$2000-OzzY
$2000-Ozzy
$2000-PITTY
$2000-PIttY
$2000-PiTtY
$2000-Pitty
$2000-brasil
$2000-brasilian
$2000-braz
$2000-brazil
$2000-mElIsSa
$2000-meLIssA
$2000-melissa
$2000-oZzY
$2000-ozZY
$2000-ozzy
$2000-pItTy
$2000-pitty
$2000.022y
$2000.0ZZY
$2000.0zzy
$2000.Andrade
$2000.BRASIL
$2000.BRASILIAN
$2000.BRAZ
$2000.BRAZIL
$2000.Brasil
$2000.Braz
$2000.Brazil
$2000.M31!554
$2000.M311$$@
$2000.MELISSA
$2000.MEliSSA
$2000.MEliSSa
$2000.MeLiSsA
$2000.MelisSA
$2000.MelissA
$2000.Melissa
$2000.OZZY
$2000.OZzy
$2000.OzZY
$2000.OzZy
$2000.OzzY
$2000.Ozzy
$2000.PITTY
$2000.PIttY
$2000.PiTtY
$2000.Pitty
$2000.brasil
$2000.brasilian
$2000.braz
$2000.brazil
$2000.mElIsSa
$2000.meLIssA
$2000.melissa
$2000.oZzY
$2000.ozZY
$2000.ozzy
$2000.pItTy
$2000.pitty
$200001!022y
$200001!0ZZY
$200001!0zzy
$200001!55
$200001!Andrade
$200001!BR
$200001!BRA
$200001!BRASIL
$200001!BRASILIAN
$200001!BRAZ
$200001!BRAZIL
$200001!Br
$200001!Bra
$200001!Brasil
$200001!Braz
$200001!Brazil
$200001!M31!554
$200001!M311$$@
$200001!MEL
$200001!MELISSA
$200001!MEliSSA
$200001!MEliSSa
$200001!MeL
$200001!MeLiSsA
$200001!Mel
$200001!MelisSA
$200001!MelissA
$200001!Melissa
$200001!OZZY
$200001!OZzy
$200001!OzZY
$200001!OzZy
$200001!OzzY
$200001!Ozzy
$200001!PITTY
$200001!PIttY
$200001!PiTtY
$200001!Pitty
$200001!br
$200001!bra
$200001!brasil
$200001!brasilian
$200001!braz
$200001!brazil
$200001!mEl
$200001!mElIsSa
$200001!meLIssA
$200001!mel
$200001!melissa
$200001!oZzY
$200001!ozZY
$200001!ozzy
$200001!pItTy
$200001!pitty
$200001#022y
$200001#0ZZY
$200001#0zzy
$200001#55
$200001#Andrade
$200001#BR
$200001#BRA
$200001#BRASIL
$200001#BRASILIAN
$200001#BRAZ
$200001#BRAZIL
$200001#Br
$200001#Bra
$200001#Brasil
$200001#Braz
$200001#Brazil
$200001#M31!554
$200001#M311$$@
$200001#MEL
$200001#MELISSA
$200001#MEliSSA
$200001#MEliSSa
$200001#MeL
$200001#MeLiSsA
$200001#Mel
$200001#MelisSA
$200001#MelissA
$200001#Melissa
$200001#OZZY
$200001#OZzy
$200001#OzZY
$200001#OzZy
$200001#OzzY
$200001#Ozzy
$200001#PITTY
$200001#PIttY
$200001#PiTtY
$200001#Pitty
$200001#br
$200001#bra
$200001#brasil
$200001#brasilian
$200001#braz
$200001#brazil
$200001#mEl
$200001#mElIsSa
$200001#meLIssA
$200001#mel
$200001#melissa
$200001#oZzY
$200001#ozZY
$200001#ozzy
$200001#pItTy
$200001#pitty
$200001$022y
$200001$0ZZY
$200001$0zzy
$200001$55
$200001$Andrade
$200001$BR
$200001$BRA
$200001$BRASIL
$200001$BRASILIAN
$200001$BRAZ
$200001$BRAZIL
$200001$Br
$200001$Bra
$200001$Brasil
$200001$Braz
$200001$Brazil
$200001$M31!554
$200001$M311$$@
$200001$MEL
$200001$MELISSA
$200001$MEliSSA
$200001$MEliSSa
$200001$MeL
$200001$MeLiSsA
$200001$Mel
$200001$MelisSA
$200001$MelissA
$200001$Melissa
$200001$OZZY
$200001$OZzy
$200001$OzZY
$200001$OzZy
$200001$OzzY
$200001$Ozzy
$200001$PITTY
$200001$PIttY
$200001$PiTtY
$200001$Pitty
$200001$br
$200001$bra
$200001$brasil
$200001$brasilian
$200001$braz
$200001$brazil
$200001$mEl
$200001$mElIsSa
$200001$meLIssA
$200001$mel
$200001$melissa
$200001$oZzY
$200001$ozZY
$200001$ozzy
$200001$pItTy
$200001$pitty
$200001-022y
$200001-0ZZY
$200001-0zzy
$200001-55
$200001-Andrade
$200001-BR
$200001-BRA
$200001-BRASIL
$200001-BRASILIAN
$200001-BRAZ
$200001-BRAZIL
$200001-Br
$200001-Bra
$200001-Brasil
$200001-Braz
$200001-Brazil
$200001-M31!554
$200001-M311$$@
$200001-MEL
$200001-MELISSA
$200001-MEliSSA
$200001-MEliSSa
$200001-MeL
$200001-MeLiSsA
$200001-Mel
$200001-MelisSA
$200001-MelissA
$200001-Melissa
$200001-OZZY
$200001-OZzy
$200001-OzZY
$200001-OzZy
$200001-OzzY
$200001-Ozzy
$200001-PITTY
$200001-PIttY
$200001-PiTtY
$200001-Pitty
$200001-br
$200001-bra
$200001-brasil
$200001-brasilian
$200001-braz
$200001-brazil
$200001-mEl
$200001-mElIsSa
$200001-meLIssA
$200001-mel
$200001-melissa
$200001-oZzY
$200001-ozZY
$200001-ozzy
$200001-pItTy
$200001-pitty
$200001.022y
$200001.0ZZY
$200001.0zzy
$200001.55
$200001.Andrade
$200001.BR
$200001.BRA
$200001.BRASIL
$200001.BRASILIAN
$200001.BRAZ
$200001.BRAZIL
$200001.Br
$200001.Bra
$200001.Brasil
$200001.Braz
$200001.Brazil
$200001.M31!554
$200001.M311$$@
$200001.MEL
$200001.MELISSA
$200001.MEliSSA
$200001.MEliSSa
$200001.MeL
$200001.MeLiSsA
$200001.Mel
$200001.MelisSA
$200001.MelissA
$200001.Melissa
$200001.OZZY
$200001.OZzy
$200001.OzZY
$200001.OzZy
$200001.OzzY
$200001.Ozzy
$200001.PITTY
$200001.PIttY
$200001.PiTtY
$200001.Pitty
$200001.br
$200001.bra
$200001.brasil
$200001.brasilian
$200001.braz
$200001.brazil
$200001.mEl
$200001.mElIsSa
$200001.meLIssA
$200001.mel
$200001.melissa
$200001.oZzY
$200001.ozZY
$200001.ozzy
$200001.pItTy
$200001.pitty
$200001022y
$2000010ZZY
$2000010zzy
$200001@022y
$200001@0ZZY
$200001@0zzy
$200001@55
$200001@Andrade
$200001@BR
$200001@BRA
$200001@BRASIL
$200001@BRASILIAN
$200001@BRAZ
$200001@BRAZIL
$200001@Br
$200001@Bra
$200001@Brasil
$200001@Braz
$200001@Brazil
$200001@M31!554
$200001@M311$$@
$200001@MEL
$200001@MELISSA
$200001@MEliSSA
$200001@MEliSSa
$200001@MeL
$200001@MeLiSsA
$200001@Mel
$200001@MelisSA
$200001@MelissA
$200001@Melissa
$200001@OZZY
$200001@OZzy
$200001@OzZY
$200001@OzZy
$200001@OzzY
$200001@Ozzy
$200001@PITTY
$200001@PIttY
$200001@PiTtY
$200001@Pitty
$200001@br
$200001@bra
$200001@brasil
$200001@brasilian
$200001@braz
$200001@brazil
$200001@mEl
$200001@mElIsSa
$200001@meLIssA
$200001@mel
$200001@melissa
$200001@oZzY
$200001@ozZY
$200001@ozzy
$200001@pItTy
$200001@pitty
$200001Andrade
$200001BRA
$200001BRASIL
$200001BRASILIAN
$200001BRAZ
$200001BRAZIL
$200001Bra
$200001Brasil
$200001Braz
$200001Brazil
$200001M31!554
$200001M311$$@
$200001MEL
$200001MELISSA
$200001MEliSSA
$200001MEliSSa
$200001MeL
$200001MeLiSsA
$200001Mel
$200001MelisSA
$200001MelissA
$200001Melissa
$200001OZZY
$200001OZzy
$200001OzZY
$200001OzZy
$200001OzzY
$200001Ozzy
$200001PITTY
$200001PIttY
$200001PiTtY
$200001Pitty
$200001_022y
$200001_0ZZY
$200001_0zzy
$200001_55
$200001_Andrade
$200001_BR
$200001_BRA
$200001_BRASIL
$200001_BRASILIAN
$200001_BRAZ
$200001_BRAZIL
$200001_Br
$200001_Bra
$200001_Brasil
$200001_Braz
$200001_Brazil
$200001_M31!554
$200001_M311$$@
$200001_MEL
$200001_MELISSA
$200001_MEliSSA
$200001_MEliSSa
$200001_MeL
$200001_MeLiSsA
$200001_Mel
$200001_MelisSA
$200001_MelissA
$200001_Melissa
$200001_OZZY
$200001_OZzy
$200001_OzZY
$200001_OzZy
$200001_OzzY
$200001_Ozzy
$200001_PITTY
$200001_PIttY
$200001_PiTtY
$200001_Pitty
$200001_br
$200001_bra
$200001_brasil
$200001_brasilian
$200001_braz
$200001_brazil
$200001_mEl
$200001_mElIsSa
$200001_meLIssA
$200001_mel
$200001_melissa
$200001_oZzY
$200001_ozZY
$200001_ozzy
$200001_pItTy
$200001_pitty
$200001bra
$200001brasil
$200001brasilian
$200001braz
$200001brazil
$200001mEl
$200001mElIsSa
$200001meLIssA
$200001mel
$200001melissa
$200001oZzY
$200001ozZY
$200001ozzy
$200001pItTy
$200001pitty
$2000@022y
$2000@0ZZY
$2000@0zzy
$2000@Andrade
$2000@BRASIL
$2000@BRASILIAN
$2000@BRAZ
$2000@BRAZIL
$2000@Brasil
$2000@Braz
$2000@Brazil
$2000@M31!554
$2000@M311$$@
$2000@MELISSA
$2000@MEliSSA
$2000@MEliSSa
$2000@MeLiSsA
$2000@MelisSA
$2000@MelissA
$2000@Melissa
$2000@OZZY
$2000@OZzy
$2000@OzZY
$2000@OzZy
$2000@OzzY
$2000@Ozzy
$2000@PITTY
$2000@PIttY
$2000@PiTtY
$2000@Pitty
$2000@brasil
$2000@brasilian
$2000@braz
$2000@brazil
$2000@mElIsSa
$2000@meLIssA
$2000@melissa
$2000@oZzY
$2000@ozZY
$2000@ozzy
$2000@pItTy
$2000@pitty
$2000Andrade
$2000BRASIL
$2000BRASILIAN
$2000BRAZIL
$2000Brasil
$2000Brazil
$2000M31!554
$2000M311$$@
$2000MELISSA
$2000MEliSSA
$2000MEliSSa
$2000MeLiSsA
$2000MelisSA
$2000MelissA
$2000Melissa
$2000PITTY
$2000PIttY
$2000PiTtY
$2000Pitty
$2000_022y
$2000_0ZZY
$2000_0zzy
$2000_Andrade
$2000_BRASIL
$2000_BRASILIAN
$2000_BRAZ
$2000_BRAZIL
$2000_Brasil
$2000_Braz
$2000_Brazil
$2000_M31!554
$2000_M311$$@
$2000_MELISSA
$2000_MEliSSA
$2000_MEliSSa
$2000_MeLiSsA
$2000_MelisSA
$2000_MelissA
$2000_Melissa
$2000_OZZY
$2000_OZzy
$2000_OzZY
$2000_OzZy
$2000_OzzY
$2000_Ozzy
$2000_PITTY
$2000_PIttY
$2000_PiTtY
$2000_Pitty
$2000_brasil
$2000_brasilian
$2000_braz
$2000_brazil
$2000_mElIsSa
$2000_meLIssA
$2000_melissa
$2000_oZzY
$2000_ozZY
$2000_ozzy
$2000_pItTy
$2000_pitty
$2000brasil
$2000brasilian
$2000brazil
$2000mElIsSa
$2000meLIssA
$2000melissa
$2000pItTy
$2000pitty
$2025!022y
$2025!0ZZY
$2025!0zzy
$2025!Andrade
$2025!BRASIL
$2025!BRASILIAN
$2025!BRAZ
$2025!BRAZIL
$2025!Brasil
$2025!Braz
$2025!Brazil
$2025!M31!554
$2025!M311$$@
$2025!MELISSA
$2025!MEliSSA
$2025!MEliSSa
$2025!MeLiSsA
$2025!MelisSA
$2025!MelissA
$2025!Melissa
$2025!OZZY
$2025!OZzy
$2025!OzZY
$2025!OzZy
$2025!OzzY
$2025!Ozzy
$2025!PITTY
$2025!PIttY
$2025!PiTtY
$2025!Pitty
$2025!brasil
$2025!brasilian
$2025!braz
$2025!brazil
$2025!mElIsSa
$2025!meLIssA
$2025!melissa
$2025!oZzY
$2025!ozZY
$2025!ozzy
$2025!pItTy
$2025!pitty
$2025#022y
$2025#0ZZY
$2025#0zzy
$2025#Andrade
$2025#BRASIL
$2025#BRASILIAN
$2025#BRAZ
$2025#BRAZIL
$2025#Brasil
$2025#Braz
$2025#Brazil
$2025#M31!554
$2025#M311$$@
$2025#MELISSA
$2025#MEliSSA
$2025#MEliSSa
$2025#MeLiSsA
$2025#MelisSA
$2025#MelissA
$2025#Melissa
$2025#OZZY
$2025#OZzy
$2025#OzZY
$2025#OzZy
$2025#OzzY
$2025#Ozzy
$2025#PITTY
$2025#PIttY
$2025#PiTtY
$2025#Pitty
$2025#brasil
$2025#brasilian
$2025#braz
$2025#brazil
$2025#mElIsSa
$2025#meLIssA
$2025#melissa
$2025#oZzY
$2025#ozZY
$2025#ozzy
$2025#pItTy
$2025#pitty
$2025$022y
$2025$0ZZY
$2025$0zzy
$2025$Andrade
$2025$BRASIL
$2025$BRASILIAN
$2025$BRAZ
$2025$BRAZIL
$2025$Brasil
$2025$Braz
$2025$Brazil
$2025$M31!554
$2025$M311$$@
$2025$MELISSA
$2025$MEliSSA
$2025$MEliSSa
$2025$MeLiSsA
$2025$MelisSA
$2025$MelissA
$2025$Melissa
$2025$OZZY
$2025$OZzy
$2025$OzZY
$2025$OzZy
$2025$OzzY
$2025$Ozzy
$2025$PITTY
$2025$PIttY
$2025$PiTtY
$2025$Pitty
$2025$brasil
$2025$brasilian
$2025$braz
$2025$brazil
$2025$mElIsSa
$2025$meLIssA
$2025$melissa
$2025$oZzY
$2025$ozZY
$2025$ozzy
$2025$pItTy
$2025$pitty
$2025-022y
$2025-0ZZY
$2025-0zzy
$2025-Andrade
$2025-BRASIL
$2025-BRASILIAN
$2025-BRAZ
$2025-BRAZIL
$2025-Brasil
$2025-Braz
$2025-Brazil
$2025-M31!554
$2025-MELISSA
$2025-MEliSSA
$2025-MEliSSa
$2025-MeLiSsA
$2025-MelisSA
$2025-MelissA
$2025-Melissa
$2025-OZZY
$2025-OZzy
$2025-OzZY
$2025-OzZy
$2025-OzzY
$2025-Ozzy
$2025-PITTY
$2025-PIttY
$2025-PiTtY
$2025-Pitty
$2025-brasil
$2025-brasilian
$2025-braz
$2025-brazil
$2025-mElIsSa
$2025-meLIssA
$2025-melissa
$2025-oZzY
$2025-ozZY
$2025-ozzy
$2025-pItTy
$2025-pitty
$2025.022y
$2025.0ZZY
$2025.0zzy
$2025.Andrade
$2025.BRASIL
$2025.BRASILIAN
$2025.BRAZ
$2025.BRAZIL
$2025.Brasil
$2025.Braz
$2025.Brazil
$2025.M31!554
$2025.M311$$@
$2025.MELISSA
$2025.MEliSSA
$2025.MEliSSa
$2025.MeLiSsA
$2025.MelisSA
$2025.MelissA
$2025.Melissa
$2025.OZZY
$2025.OZzy
$2025.OzZY
$2025.OzZy
$2025.OzzY
$2025.Ozzy
$2025.PITTY
$2025.PIttY
$2025.PiTtY
$2025.Pitty
$2025.brasil
$2025.brasilian
$2025.braz
$2025.brazil
$2025.mElIsSa
$2025.meLIssA
$2025.melissa
$2025.oZzY
$2025.ozZY
$2025.ozzy
$2025.pItTy
$2025.pitty
$2025@022y
$2025@0ZZY
$2025@0zzy
$2025@Andrade
$2025@BRASIL
$2025@BRASILIAN
$2025@BRAZ
$2025@BRAZIL
$2025@Brasil
$2025@Braz
$2025@Brazil
$2025@M31!554
$2025@M311$$@
$2025@MELISSA
$2025@MEliSSA
$2025@MEliSSa
$2025@MeLiSsA
$2025@MelisSA
$2025@MelissA
$2025@Melissa
$2025@OZZY
$2025@OZzy
$2025@OzZY
$2025@OzZy
$2025@OzzY
$2025@Ozzy
$2025@PITTY
$2025@PIttY
$2025@PiTtY
$2025@Pitty
$2025@brasil
$2025@brasilian
$2025@braz
$2025@brazil
$2025@mElIsSa
$2025@meLIssA
$2025@melissa
$2025@oZzY
$2025@ozZY
$2025@ozzy
$2025@pItTy
$2025@pitty
$2025Andrade
$2025BRASIL
$2025BRASILIAN
$2025BRAZIL
$2025Brasil
$2025Brazil
$2025M31!554
$2025M311$$@
$2025MELISSA
$2025MEliSSA
$2025MEliSSa
$2025MeLiSsA
$2025MelisSA
$2025MelissA
$2025Melissa
$2025PITTY
$2025PIttY
$2025PiTtY
$2025Pitty
$2025_022y
$2025_0ZZY
$2025_0zzy
$2025_Andrade
$2025_BRASIL
$2025_BRASILIAN
$2025_BRAZ
$2025_BRAZIL
$2025_Brasil
$2025_Braz
$2025_Brazil
$2025_M31!554
$2025_M311$$@
$2025_MELISSA
$2025_MEliSSA
$2025_MEliSSa
$2025_MeLiSsA
$2025_MelisSA
$2025_MelissA
$2025_Melissa
$2025_OZZY
$2025_OZzy
$2025_OzZY
$2025_OzZy
$2025_OzzY
$2025_Ozzy
$2025_PITTY
$2025_PIttY
$2025_PiTtY
$2025_Pitty
$2025_brasil
$2025_brasilian
$2025_braz
$2025_brazil
$2025_mElIsSa
$2025_meLIssA
$2025_melissa
$2025_oZzY
$2025_ozZY
$2025_ozzy
$2025_pItTy
$2025_pitty
$2025brasil
$2025brasilian
$2025brazil
$2025mElIsSa
$2025meLIssA
$2025melissa
$2025pItTy
$2025pitty
$2026!022y
$2026!0ZZY
$2026!0zzy
$2026!Andrade
$2026!BRASIL
$2026!BRASILIAN
$2026!BRAZ
$2026!BRAZIL
$2026!Brasil
$2026!Braz
$2026!Brazil
$2026!M31!554
$2026!M311$$@
$2026!MELISSA
$2026!MEliSSA
$2026!MEliSSa
$2026!MeLiSsA
$2026!MelisSA
$2026!MelissA
$2026!Melissa
$2026!OZZY
$2026!OZzy
$2026!OzZY
$2026!OzZy
$2026!OzzY
$2026!Ozzy
$2026!PITTY
$2026!PIttY
$2026!PiTtY
$2026!Pitty
$2026!brasil
$2026!brasilian
$2026!braz
$2026!brazil
$2026!mElIsSa
$2026!meLIssA
$2026!melissa
$2026!oZzY
$2026!ozZY
$2026!ozzy
$2026!pItTy
$2026!pitty
$2026#022y
$2026#0ZZY
$2026#0zzy
$2026#Andrade
$2026#BRASIL
$2026#BRASILIAN
$2026#BRAZ
$2026#BRAZIL
$2026#Brasil
$2026#Braz
$2026#Brazil
$2026#M31!554
$2026#M311$$@
$2026#MELISSA
$2026#MEliSSA
$2026#MEliSSa
$2026#MeLiSsA
$2026#MelisSA
$2026#MelissA
$2026#Melissa
$2026#OZZY
$2026#OZzy
$2026#OzZY
$2026#OzZy
$2026#OzzY
$2026#Ozzy
$2026#PITTY
$2026#PIttY
$2026#PiTtY
$2026#Pitty
$2026#brasil
$2026#brasilian
$2026#braz
$2026#brazil
$2026#mElIsSa
$2026#meLIssA
$2026#melissa
$2026#oZzY
$2026#ozZY
$2026#ozzy
$2026#pItTy
$2026#pitty
$2026$022y
$2026$0ZZY
$2026$0zzy
$2026$Andrade
$2026$BRASIL
$2026$BRASILIAN
$2026$BRAZ
$2026$BRAZIL
$2026$Brasil
$2026$Braz
$2026$Brazil
$2026$M31!554
$2026$M311$$@
$2026$MELISSA
$2026$MEliSSA
$2026$MEliSSa
$2026$MeLiSsA
$2026$MelisSA
$2026$MelissA
$2026$Melissa
$2026$OZZY
$2026$OZzy
$2026$OzZY
$2026$OzZy
$2026$OzzY
$2026$Ozzy
$2026$PITTY
$2026$PIttY
$2026$PiTtY
$2026$Pitty
$2026$brasil
$2026$brasilian
$2026$braz
$2026$brazil
$2026$mElIsSa
$2026$meLIssA
$2026$melissa
$2026$oZzY
$2026$ozZY
$2026$ozzy
$2026$pItTy
$2026$pitty
$2026-022y
$2026-0ZZY
$2026-0zzy
$2026-Andrade
$2026-BRASIL
$2026-BRASILIAN
$2026-BRAZ
$2026-BRAZIL
$2026-Brasil
$2026-Braz
$2026-Brazil
$2026-M31!554
$2026-M311$$@
$2026-MELISSA
$2026-MEliSSA
$2026-MEliSSa
$2026-MeLiSsA
$2026-MelisSA
$2026-MelissA
$2026-Melissa
$2026-OZZY
$2026-OZzy
$2026-OzZY
$2026-OzZy
$2026-OzzY
$2026-Ozzy
$2026-PITTY
$2026-PIttY
$2026-PiTtY
$2026-Pitty
$2026-brasil
$2026-brasilian
$2026-braz
$2026-brazil
$2026-mElIsSa
$2026-meLIssA
$2026-melissa
$2026-oZzY
$2026-ozZY
$2026-ozzy
$2026-pItTy
$2026-pitty
$2026.022y
$2026.0ZZY
$2026.0zzy
$2026.Andrade
$2026.BRASIL
$2026.BRASILIAN
$2026.BRAZ
$2026.BRAZIL
$2026.Brasil
$2026.Braz
$2026.Brazil
$2026.M31!554
$2026.M311$$@
$2026.MELISSA
$2026.MEliSSA
$2026.MEliSSa
$2026.MeLiSsA
$2026.MelisSA
$2026.MelissA
$2026.Melissa
$2026.OZZY
$2026.OZzy
$2026.OzZY
$2026.OzZy
$2026.OzzY
$2026.Ozzy
$2026.PITTY
$2026.PIttY
$2026.PiTtY
$2026.Pitty
$2026.brasil
$2026.brasilian
$2026.braz
$2026.brazil
$2026.mElIsSa
$2026.meLIssA
$2026.melissa
$2026.oZzY
$2026.ozZY
$2026.ozzy
$2026.pItTy
$2026.pitty
$2026@022y
$2026@0ZZY
$2026@0zzy
$2026@Andrade
$2026@BRASIL
$2026@BRASILIAN
$2026@BRAZ
$2026@BRAZIL
$2026@Brasil
$2026@Braz
$2026@Brazil
$2026@M31!554
$2026@M311$$@
$2026@MELISSA
$2026@MEliSSA
$2026@MEliSSa
$2026@MeLiSsA
$2026@MelisSA
$2026@MelissA
$2026@Melissa
$2026@OZZY
$2026@OZzy
$2026@OzZY
$2026@OzZy
$2026@OzzY
$2026@Ozzy
$2026@PITTY
$2026@PIttY
$2026@PiTtY
$2026@Pitty
$2026@brasil
$2026@brasilian
$2026@braz
$2026@brazil
$2026@mElIsSa
$2026@meLIssA
$2026@melissa
$2026@oZzY
$2026@ozZY
$2026@ozzy
$2026@pItTy
$2026@pitty
$2026Andrade
$2026BRASIL
$2026BRASILIAN
$2026BRAZIL
$2026Brasil
$2026Brazil
$2026M31!554
$2026M311$$@
$2026MELISSA
$2026MEliSSA
$2026MEliSSa
$2026MeLiSsA
$2026MelisSA
$2026MelissA
$2026Melissa
$2026PITTY
$2026PIttY
$2026PiTtY
$2026Pitty
$2026_022y
$2026_0ZZY
$2026_0zzy
$2026_Andrade
$2026_BRASIL
$2026_BRASILIAN
$2026_BRAZ
$2026_BRAZIL
$2026_Brasil
$2026_Braz
$2026_Brazil
$2026_M31!554
$2026_M311$$@
$2026_MELISSA
$2026_MEliSSA
$2026_MEliSSa
$2026_MeLiSsA
$2026_MelisSA
$2026_MelissA
$2026_Melissa
$2026_OZZY
$2026_OZzy
$2026_OzZY
$2026_OzZy
$2026_OzzY
$2026_Ozzy
$2026_PITTY
$2026_PIttY
$2026_PiTtY
$2026_Pitty
$2026_brasil
$2026_brasilian
$2026_braz
$2026_brazil
$2026_mElIsSa
$2026_meLIssA
$2026_melissa
$2026_oZzY
$2026_ozZY
$2026_ozzy
$2026_pItTy
$2026_pitty
$2026brasil
$2026brasilian
$2026brazil
$2026mElIsSa
$2026meLIssA
$2026melissa
$2026pItTy
$2026pitty
$25!Andrade
$25!BRASIL
$25!BRASILIAN
$25!BRAZIL
$25!Brasil
$25!Brazil
$25!M31!554
$25!M311$$@
$25!MELISSA
$25!MEliSSA
$25!MEliSSa
$25!MeLiSsA
$25!MelisSA
$25!MelissA
$25!Melissa
$25!brasil
$25!brasilian
$25!brazil
$25!mElIsSa
$25!meLIssA
$25!melissa
$25#Andrade
$25#BRASIL
$25#BRASILIAN
$25#BRAZIL
$25#Brasil
$25#Brazil
$25#M31!554
$25#M311$$@
$25#MELISSA
$25#MEliSSA
$25#MEliSSa
$25#MeLiSsA
$25#MelisSA
$25#MelissA
$25#Melissa
$25#brasil
$25#brasilian
$25#brazil
$25#mElIsSa
$25#meLIssA
$25#melissa
$25$Andrade
$25$BRASIL
$25$BRASILIAN
$25$BRAZIL
$25$Brasil
$25$Brazil
$25$M31!554
$25$M311$$@
$25$MELISSA
$25$MEliSSA
$25$MEliSSa
$25$MeLiSsA
$25$MelisSA
$25$MelissA
$25$Melissa
$25$brasil
$25$brasilian
$25$brazil
$25$mElIsSa
$25$meLIssA
$25$melissa
$25-Andrade
$25-BRASIL
$25-BRASILIAN
$25-BRAZIL
$25-Brasil
$25-Brazil
$25-M31!554
$25-M311$$@
$25-MELISSA
$25-MEliSSA
$25-MEliSSa
$25-MeLiSsA
$25-MelisSA
$25-MelissA
$25-Melissa
$25-brasil
$25-brasilian
$25-brazil
$25-mElIsSa
$25-meLIssA
$25-melissa
$25.Andrade
$25.BRASIL
$25.BRASILIAN
$25.BRAZIL
$25.Brasil
$25.Brazil
$25.M31!554
$25.M311$$@
$25.MELISSA
$25.MEliSSA
$25.MEliSSa
$25.MeLiSsA
$25.MelisSA
$25.MelissA
$25.Melissa
$25.brasil
$25.brasilian
$25.brazil
$25.mElIsSa
$25.meLIssA
$25.melissa
$25@Andrade
$25@BRASIL
$25@BRASILIAN
$25@BRAZIL
$25@Brasil
$25@Brazil
$25@M31!554
$25@M311$$@
$25@MELISSA
$25@MEliSSA
$25@MEliSSa
$25@MeLiSsA
$25@MelisSA
$25@MelissA
$25@Melissa
$25@brasil
$25@brasilian
$25@brazil
$25@mElIsSa
$25@meLIssA
$25@melissa
$25Andrade
$25BRASILIAN
$25M31!554
$25M311$$@
$25MELISSA
$25MEliSSA
$25MEliSSa
$25MeLiSsA
$25MelisSA
$25MelissA
$25Melissa
$25_Andrade
$25_BRASIL
$25_BRASILIAN
$25_BRAZIL
$25_Brasil
$25_Brazil
$25_M31!554
$25_M311$$@
$25_MELISSA
$25_MEliSSA
$25_MEliSSa
$25_MeLiSsA
$25_MelisSA
$25_MelissA
$25_Melissa
$25_brasil
$25_brasilian
$25_brazil
$25_mElIsSa
$25_meLIssA
$25_melissa
$25brasilian
$25mElIsSa
$25meLIssA
$25melissa
$26!Andrade
$26!BRASIL
$26!BRASILIAN
$26!BRAZIL
$26!Brasil
$26!Brazil
$26!M31!554
$26!M311$$@
$26!MELISSA
$26!MEliSSA
$26!MEliSSa
$26!MeLiSsA
$26!MelisSA
$26!MelissA
$26!Melissa
$26!brasil
$26!brasilian
$26!brazil
$26!mElIsSa
$26!meLIssA
$26!melissa
$26#Andrade
$26#BRASIL
$26#BRASILIAN
$26#BRAZIL
$26#Brasil
$26#Brazil
$26#M31!554
$26#M311$$@
$26#MELISSA
$26#MEliSSA
$26#MEliSSa
$26#MeLiSsA
$26#MelisSA
$26#MelissA
$26#Melissa
$26#brasil
$26#brasilian
$26#brazil
$26#mElIsSa
$26#meLIssA
$26#melissa
$26$Andrade
$26$BRASIL
$26$BRASILIAN
$26$BRAZIL
$26$Brasil
$26$Brazil
$26$M31!554
$26$M311$$@
$26$MELISSA
$26$MEliSSA
$26$MEliSSa
$26$MeLiSsA
$26$MelisSA
$26$MelissA
$26$Melissa
$26$brasil
$26$brasilian
$26$brazil
$26$mElIsSa
$26$meLIssA
$26$melissa
$26-Andrade
$26-BRASIL
$26-BRASILIAN
$26-BRAZIL
$26-Brasil
$26-Brazil
$26-M31!554
$26-M311$$@
$26-MELISSA
$26-MEliSSA
$26-MEliSSa
$26-MeLiSsA
$26-MelisSA
$26-MelissA
$26-Melissa
$26-brasil
$26-brasilian
$26-brazil
$26-mElIsSa
$26-meLIssA
$26-melissa
$26.Andrade
$26.BRASIL
$26.BRASILIAN
$26.BRAZIL
$26.Brasil
$26.Brazil
$26.M31!554
$26.M311$$@
$26.MELISSA
$26.MEliSSA
$26.MEliSSa
$26.MeLiSsA
$26.MelisSA
$26.MelissA
$26.Melissa
$26.brasil
$26.brasilian
$26.brazil
$26.mElIsSa
$26.meLIssA
$26.melissa
$26@Andrade
$26@BRASIL
$26@BRASILIAN
$26@BRAZIL
$26@Brasil
$26@Brazil
$26@M31!554
$26@M311$$@
$26@MELISSA
$26@MEliSSA
$26@MEliSSa
$26@MeLiSsA
$26@MelisSA
$26@MelissA
$26@Melissa
$26@brasil
$26@brasilian
$26@brazil
$26@mElIsSa
$26@meLIssA
$26@melissa
$26Andrade
$26BRASILIAN
$26M31!554
$26M311$$@
$26MELISSA
$26MEliSSA
$26MEliSSa
$26MeLiSsA
$26MelisSA
$26MelissA
$26Melissa
$26_Andrade
$26_BRASIL
$26_BRASILIAN
$26_BRAZIL
$26_Brasil
$26_Brazil
$26_M31!554
$26_M311$$@
$26_MELISSA
$26_MEliSSA
$26_MEliSSa
$26_MeLiSsA
$26_MelisSA
$26_MelissA
$26_Melissa
$26_brasil
$26_brasilian
$26_brazil
$26_mElIsSa
$26_meLIssA
$26_melissa
$26brasilian
$26mElIsSa
$26meLIssA
$26melissa
