!root:root
"0:0 (role 0)
"Administrator 1:Admin1
"Administrator:admin
"Direct level:<blank>
"FTP:sysdiag:factorycast@schneider
"GE:GE (Telnet
"Guest:guest
"HTTP admin:admin
"HTTP:blank:ZYPCOM
"Level 1:1024
"Level 6 End users:1000 (Physical)
"Liebert:Liebert
"NETLink PRO PoE:admin"
"PVRemote:PD35010 (from a remote PC via a telephone connection)"
"Root:00000000
"SNMP community string:wdpfRO"
"SQL Server Login:aadbo:pwddbo
"To read data 1111:1111
"User 01:100
"admin:<blank>
"admin:admin
"admin:avocent
"admin:bintec
"admin:default
"admin:funkwerk
"admin:private
"admin:wago
"admin@root:charleM!800"
"ecoV:ecopass
"for ftp and lns servers:ilon:ilon"
"for http:ETHERNET
"for the Windows log in Administrator:navigator
"guest:guest
"ntpupdate:ntpupdate (Using an FTP client
"pcfactory:pcfactory
"root:deif7800 (administrator)
"root:froot
"root:wago
"root:zP2wxY4uE"
"telnet root:root
"tracerlab:tracerlab (for remote access)
"user password:0000
"user:12345
"user:public
"winccd:winccpass
(any 3 characters):cascade
(any 3 chars):cascade
(any):TENmanUFactOryPOWER
(created):telus00
(created):telus99
(hostname/ipaddress):sysadmin
**23646:23646
**266344:266344
1.1:SYSTEM
11111111:11111111
11111:x-admin
1111:1111
1234:1234
123:234
1502:1502
18140815:18140815
192.168.1.1 60020:@dsl_xilno
1:manager
1:operator
1:syslib
1SH:CLIENT
1nstaller:5X2000
1st MAC address of NAS (uppercase letters without special characters) [ex: MAC = 00-08-9B-F6-15-75 / password = 00089BF61575]
22222222:22222222
266344:266344
2800:2800
2:maintain
2:manager
2:operator
2:syslib
30:games
31994:31994
3comcso:RIP000
4Dgifts:4Dgifts
5:games
666666:666666
66666:6666666
7654321:7654321
7:maintain
880175445:11223344
888888:888888
94jo3dkru4:moxaiwroot
ADAMS:WOOD
ADLDEMO:ADLDEMO
ADMIN:96726
ADMIN:ADMIN
ADMIN:AIMS
ADMIN:JETSPEED
ADMIN:KYLIN
ADMIN:PASSWORD
ADMIN:WELCOME
ADMIN:admin
ADMIN:alphacom
ADMIN:canon
ADMINISTRATOR:000000
ADMINISTRATOR:ADMINISTRATOR
ADMINISTRATOR:SENTINEL
ADMINISTRATOR:admin
ADMN:admn
ADONI:BPMS
ADONIS:BPMS
ADSL:expert03
ADVMAIL:HP
ADVMAIL:HPOFFICE
ADVMAIL:HPOFFICE DATA
ALLIN1:ALLIN1
ALLIN1MAIL:ALLIN1MAIL
ALLINONE:ALLINONE
ANDY:SWORDFISH
AP:AP
APPLSYS:APPLSYS
APPLSYS:FND
APPLSYSPUB:FNDPUB
APPS:APPS
APPUSER:APPUSER
AQ:AQ
AQDEMO:AQDEMO
AQJAVA:AQJAVA
AQUSER:AQUSER
ARAdmin:AR#Admin#
ARCHIVIST:ARCHIVIST
ARIS9:*ARIS!1dm9n#
AUDIOUSER:AUDIOUSER
AURORA$ORB$UNAUTHENTICATED:INVALID
AURORA@ORB@UNAUTHENTICATED:INVALID
Adam:29111991
Admin1:Admin1
Admin5:4tugboat
Admin:00000000
Admin:1234
Admin:12345
Admin:123456
Admin:123qwe
Admin:1988
Admin:456
Admin:5up
Admin:Admin
Admin:Admin123
Admin:AdminAdmin
Admin:Barricade
Admin:Emerson1
Admin:ImageFolio
Admin:No
Admin:SECRET123
Admin:adm001
Admin:admin
Admin:admin00
Admin:admin1
Admin:adminpw
Admin:atc456
Admin:blank
Admin:epicrouter
Admin:password
Admin:shs
Admin:zabbix
AdminGPON:ALC@#FGU
Administrator:0000
Administrator:1
Administrator:1111
Administrator:11111
Administrator:1234
Administrator:12345678
Administrator:1234567812345678
Administrator:19750407
Administrator:3ware
Administrator:7654321
Administrator:Admin@9000
Administrator:Administrator
Administrator:ChangeMe1#
Administrator:FELDTECH
Administrator:Fiery.1
Administrator:Gateway
Administrator:Password
Administrator:The last eight digits of the serial number
Administrator:Unidesk1
Administrator:Wonderware
Administrator:access
Administrator:adaptec
Administrator:admin
Administrator:changeme
Administrator:deltav
Administrator:ganteng
Administrator:ggdaseuaimhrke
Administrator:letmein
Administrator:manage
Administrator:meinsm
Administrator:nicecti
Administrator:opensource
Administrator:password
Administrator:pilou
Administrator:public
Administrator:smcadmin
Administrator:storageserver
Administrator:superuser
Administrator:the same all over
Administrator:vagrant
Administrator:vision2
AdvWebadmin:advcomm500349
Advanced:advanced
Airaya:Airaya
Alphanetworks:wapnd03cm_dkbs_dap2555
Alphanetworks:wapnd04cm_dkbs_dap3525
Alphanetworks:wapnd15_dlob_dap1522b
Alphanetworks:wrgac01_dlob.hans_dir865
Alphanetworks:wrgg15_di524
Alphanetworks:wrgg19_c_dlwbr_dir300
Alphanetworks:wrgn22_dlwbr_dir615
Alphanetworks:wrgn23_dlwbr_dir300b
Alphanetworks:wrgn23_dlwbr_dir600b
Alphanetworks:wrgn28_dlob_dir412
Alphanetworks:wrgn39_dlob.hans_dir645
Alphanetworks:wrgn39_dlob.hans_dir645_V1
Alphanetworks:wrgn49_dlob_dir600b
Alphanetworks:wrgnd08_dlob_dir815
Alphanetworks:wrgnd21_dlob.hans_dir845
Any:12345
Any:Any
ArgusAdmin:masterkey
Audrey:a
BACKUP:BACKUP
BATCH:BATCH
BC4J:BC4J
BLAKE:PAPER
BRIO_ADMIN:BRIO_ADMIN
Best1_User:BackupU$r
Bill:b
Blaeri:22332323
Bobo:hello
CATALOG:CATALOG
CDEMO82:CDEMO82
CDEMOCOR:CDEMOCOR
CDEMORID:CDEMORID
CDEMOUCB:CDEMOUCB
CENTRA:CENTRA
CENTUM:CENTUM
CHEY_ARCHSVR:CHEY_ARCHSVR
CICSUSER:CISSUS
CIDS:CIDS
CIS:CIS
CISCO15:otbu+1
CISINFO:CISINFO
CLARK:CLOTH
CMSBATCH:CMSBATCH
COMPANY:COMPANY
COMPIERE:COMPIERE
CQSCHEMAUSER:PASSWORD
CSG:SESAME
CSMIG:CSMIG
CTXDEMO:CTXDEMO
CTXSYS:CTXSYS
Cisco:Cisco
ClearOne:RAV
Cloud Key of NAS (uppercase letters without any special characters) [ex: Cloud Key = Q1234-5678 / password = Q12345678]
Coco:hello
Craft:crftpw
Crowd:password
D-Link:D-Link
DBA:SQL
DBDCCICS:DBDCCIC
DBI:MUMBLEFRATZ
DBSNMP:DBSNMP
DCL:DCL
DDIC:19920706
DECMAIL:DECMAIL
DECNET:DECNET
DECNET:NONPRIV
DEFAULT:DEFAULT
DEFAULT:USER
DEMO8:DEMO8
DEMO9:DEMO9
DEMO:DEMO
DES:DES
DEV2000_DEMOS:DEV2000_DEMOS
DIP:DIP
DISCOVERER_ADMIN:DISCOVERER_ADMIN
DMS Connection:0000 or 1234
DSGATEWAY:DSGATEWAY
DSL:DSL
DSNVSUser:Pelco123
DSSYS:DSSYS
DSServiceUser:Q1_17@$Pelc0DS
DSServiceUser:Q2_Pelco@$2016
DSServiceUser:ds_Pelco@$2014
DSServiceUser:dsserviceuser
DTA:TJM
DeltaVAdmin:DeltaVAdmin
Demo:password
Denny:d
Developer:isdev
Draytek:1234
EARLYWATCH:SUPPORT
EJSADMIN:EJSADMIN
EMP:EMP
EPSONWEB:admin
EPSONXXXXXXXX:EPSONXXXXXXXX
ESTOREUSER:ESTORE
EVENT:EVENT
EXAMPLES:EXAMPLES
EXFSYS:EXFSYS
Echelon:echeloncorp
End User:123 (or blank)
End User:7936
Epadmin:adminEp
Eproot:admin
Eproot:adminEp
Eproot:root
Epuser:QFYqt7pU
Epuser:pXU89goU
Epuser:userEp
FAX:FAX
FAXUSER:FAXUSER
FAXWORKS:FAXWORKS
FB:AIMS
FIELD:DIGITAL
FIELD:FIELD
FIELD:HPONLY
FIELD:HPP187 SYS
FIELD:HPWORD PUB
FIELD:LOTUS
FIELD:MANAGER
FIELD:MGR
FIELD:SERVICE
FIELD:SUPPORT
FIELD:TEST
FINANCE:FINANCE
FND:FND
FNNSD3zxhnh168nv31:Zxhnh168nv31
FORSE:FORSE
FROSTY:SNOWMAN
Factory:56789
Flo:hello
GATEWAY:GATEWAY
GEN1:gen1
GEN2:gen2
GL:GL
GPFD:GPFD
GPLD:GPLD
GUEST:GUEST
GUEST:GUESTGUE
GUEST:GUESTGUEST
GUEST:TSEUG
Geardog:Geardog
Gearguy:Geardog
GlobalAdmin:GlobalAdmin
Guest:Guest
Guest:std001
HCPARK:HCPARK
HELLO:FIELD.SUPPORT
HELLO:MANAGER.SYS
HELLO:MGR.SYS
HELLO:OP.OPERATOR
HELP:HELP
HELPDESK:HELPDESK
HLW:HLW
HOST:HOST
HPLASER:HPLASER
HPSupport:badg3r5
HR:HR
HTTP:HTTP
Hardcoded password:Basisk:Basisk
Homepage Password:0th
Hydra (https://github.com/vanhauser-thc/thc-hydra) finished at 2026-10-02 10:07:57
Hydra (https://github.com/vanhauser-thc/thc-hydra) starting at 2026-10-02 10:07:42
I2b2demodata2:i2b2demodata2
I2b2demodata:i2b2demodata
I2b2hive:i2b2hive
I2b2metadata2:i2b2metadata2
I2b2metadata:i2b2metadata
I2b2workdata2:i2b2workdata2
I2b2workdata:i2b2workdata
IBMUSER:SYS1
IEUser:D@rj33l1ng
IEUser:Passw0rd!
IMAGEUSER:IMAGEUSER
IMEDIA:IMEDIA
INFO:INFO
INGRES:INGRES
IS_$hostname:IS_$hostname
Installer:Installer
Installer:sma
IntraStack:Asante
IntraSwitch:Asante
JDE:JDE
JMUSER:JMUSER
JONES:STEEL
JWARD:AIROPLANE
JetAdmin:JetAdmin
Joe:hello
KeyOperator:DV5800
L2LDEMO:L2LDEMO
LASER:LASER
LASERWRITER:LASERWRITER
LBACSYS:LBACSYS
LDAP_Anonymous:LdapPassword_1
LENEL:MULTIMEDIA
LIBRARIAN:SHELVES
LINK:LINK
LOI:1000
LR-ISDN:LR-ISDN
LUCENT01:UI-PSWD-01
LUCENT02:UI-PSWD-02
Liebert:Liebert
LocalAdministrator:#l@$ak#.lk;0@P
LocalComServer:LCS pwd 03
LocalService:DV5800
Lonnie:l
MAIL:HPOFFICE
MAIL:MAIL
MAIL:MPE
MAIL:REMOTE
MAIL:TELESUP
MAILER:MAILER
MAINT:MAINT
MANAGER:6677
MANAGER:COGNOS
MANAGER:HPOFFICE
MANAGER:ITF3000
MANAGER:SECURITY
MANAGER:SYS
MANAGER:TCH
MANAGER:TELESUP
MASTER:PASSWORD
MBMANAGER:MBMANAGER
MBWATCH:MBWATCH
MCUser:MCUser1
MCVEADMIN:password
MD110:help
MDDEMO:MDDEMO
MDDEMO_CLERK:CLERK
MDDEMO_MGR:MGR
MDSYS:MDSYS
MDaemon:MServer
MELSEC:MELSEC
MFG:MFG
MGE:VESOFT
MGR:CAROLIAN
MGR:CCC
MGR:CNAS
MGR:COGNOS
MGR:CONV
MGR:HPDESK
MGR:HPOFFICE
MGR:HPONLY
MGR:HPP187
MGR:HPP189
MGR:HPP196
MGR:INTX3
MGR:ITF3000
MGR:NETBASE
MGR:REGO
MGR:RJE
MGR:ROBELLE
MGR:SECURITY
MGR:SYS
MGR:TELESUP
MGR:VESOFT
MGR:WORD
MGR:XLSERVER
MGWUSER:MGWUSER
MICRO:RSX
MIGRATE:MIGRATE
MILLER:MILLER
MMO2:MMO2
MODTEST:YES
MOREAU:MOREAU
MSHOME:MSHOME
MTSSYS:MTSSYS
MTS_USER:MTS_PASSWORD
MTYSYS:MTYSYS
MXAGENT:MXAGENT
Management:TestingR2
Manager:Admin
Manager:Manager
Manager:friend
McdataSE:redips
Menara:Menara
Minnie:m
Moe:hello
Mroot:cat1029
MyTurbine:m442+SRt
NAMES:NAMES
NAU:NAU
NETCON:NETCON
NETMGR:NETMGR
NETNONPRIV:NETNONPRIV
NETPRIV:NETPRIV
NETSERVER:NETSERVER
NETWORK:NETWORK
NEWINGRES:NEWINGRES
NEWS:NEWS
NICONEX:NICONEX
NSA:nsa
NSL:NSL
Nation-E:DOS
NetLinx:password
Nice-admin:nicecti
OAS_PUBLIC:OAS_PUBLIC
OCITEST:OCITEST
ODM:ODM
ODM_MTR:MTRPW
ODS:ODS
ODSCOMMON:ODSCOMMON
OE:OE
OEMADM:OEMADM
OEMREP:OEMREP
OLAPDBA:OLAPDBA
OLAPSVR:INSTANCE
OLAPSYS:MANAGER
OMWB_EMULATION:ORACLE
OO:OO
OPENSPIRIT:OPENSPIRIT
OPER:OPER
OPERATIONS:OPERATIONS
OPERATNS:OPERATNS
OPERATOR:COGNOS
OPERATOR:DISC
OPERATOR:SUPPORT
OPERATOR:SYS
OPERATOR:SYSTEM
OPERVAX:OPERVAX
ORACACHE:(random password)
ORAREGSYS:ORAREGSYS
ORASSO:ORASSO
ORDPLUGINS:ORDPLUGINS
ORDSYS:ORDSYS
OSE$HTTP$ADMIN:(random password)
OSP22:OSP22
OUTLN:OUTLN
OWA:OWA
OWA_PUBLIC:OWA_PUBLIC
OWNER:OWNER
Oper:Oper
Operator:Operator
PACSLinkIP:NetServer
PANAMA:PANAMA
PATROL:PATROL
PBX:PBX
PCUSER:SYS
PDP11:PDP11
PDP8:PDP8
PERFSTAT:PERFSTAT
PFCUser:240653C9467E45
PLEX:PLEX
PLMIMService:NetServer
PLSQL:SUPERSECRET
PM:PM
PMEAdmin:PMEAdmin
PO7:PO7
PO8:PO8
PO:PO
PORTAL30:PORTAL30
PORTAL30:PORTAL31
PORTAL30_DEMO:PORTAL30_DEMO
PORTAL30_PUBLIC:PORTAL30_PUBLIC
PORTAL30_SSO:PORTAL30_SSO
PORTAL30_SSO_PS:PORTAL30_SSO_PS
PORTAL30_SSO_PUBLIC:PORTAL30_SSO_PUBLIC
POST:BASE
POST:POST
POSTMASTER:POSTMASTER
POWERCARTUSER:POWERCARTUSER
POWERCHUTE:APC
PRIMARY:PRIMARY
PRINT:PRINT
PRINTER:PRINTER
PRIV:PRIV
PRODCICS:PRODCICS
PRODDTA:PRODDTA
PROG:PROG
PSEAdmin:$secure$
PUBLIC:PUBLIC
PUBSUB1:PUBSUB1
PUBSUB:PUBSUB
Polycom:456
Polycom:SpIp
QCC:QLogic66
QDBA:QDBA
QNUDECPU:QNUDECPU
QS:QS
QSRV:11111111
QSRV:22222222
QSRV:QSRV
QS_ADM:QS_ADM
QS_CB:QS_CB
QS_CBADM:QS_CBADM
QS_CS:QS_CS
QS_ES:QS_ES
QS_OS:QS_OS
QS_WS:QS_WS
RAID:hpt
RE:RE
REPADMIN:REPADMIN
REPORT:REPORT
REPORTS_USER:OEM_TEMP
REP_MANAGER:DEMO
REP_OWNER:DEMO
REP_OWNER:REP_OWNER
RJE:RJE
RMAIL:RMAIL
RMAN:RMAN
RMUser1:password
RNIServiceManager:NetServer
ROOT:ROOT
RSBCMON:SYS
Replicator:iscopy
Rodopi:Rodopi
SA:PASSWORD
SAMPLE:SAMPLE
SAP*:06071992
SAP*:7061992
SAP*:PASS
SAP:SAPR3
SAPCPIC:ADMIN
SAPCPIC:admin
SAPR3:SAP
SBAdmin:SBAdmin123
SCOTT:TIGER
SDOS_ICSAP:SDOS_ICSAP
SECDEMO:SECDEMO
SENTINEL:SENTINEL
SERVICECONSUMER1:SERVICECONSUMER1
SH:SH
SITEMINDER:SITEMINDER
SLIDE:SLIDEPW
SMDR:SECONDARY
SMSAdmin:SECAdmin1
SPOOLMAN:HPOFFICE
SSA:SSA
STARTER:STARTER
STRAT_USER:STRAT_PASSWD
STUDENT:STUDENT
SUPERUSER:ANS#150
SUPERVISOR:HARRIS
SUPERVISOR:NETFRAME
SUPERVISOR:NF
SUPERVISOR:NFI
SUPERVISOR:SUPERVISOR
SUPERVISOR:SYSTEM
SWPRO:SWPRO
SWUSER:SWUSER
SYMPA:SYMPA
SYS:CHANGE_ON_INSTALL
SYS:D_SYSPW
SYS:SYS
SYSA:SYSA
SYSADM:SYSADM
SYSADM:sysadm
SYSDBA:masterkey
SYSMAINT:DIGITAL
SYSMAINT:SERVICE
SYSMAINT:SYSMAINT
SYSMAN:OEM_TEMP
SYSMAN:oem_temp
SYSTEM:D_SYSTPW
SYSTEM:MANAGER
SYSTEM:OPERATOR
SYSTEM:SYSLIB
SYSTEM:SYSTEM
SYSTEST:UETP
SYSTEST_CLIG:SYSTEST
SYSTEST_CLIG:SYSTEST_CLIG
Security Code:12345
Service Tools:SERVICETOOL
Service:5678
Service:Service
Sharp:Sharp
SuperUser:kronites
Sweex:Mysweex
Symbol:Symbol
Sysop:Sysop
TAHITI:TAHITI
TDOS_ICSAP:TDOS_ICSAP
TELEDEMO:TELEDEMO
TEST:TEST
TESTPILOT:TESTPILOT
TOAD:TOAD
TPSLocalServer:TLS pwd 03
TRACESRV:TRACE
TRACESVR:TRACE
TRAVEL:TRAVEL
TSDEV:TSDEV
TSUSER:TSUSER
TURBINE:TURBINE
Tasman:Tasmannet
Telecom:Telecom
Type User: FORCE:
UETP:UETP
ULTIMATE:ULTIMATE
USER0:USER0
USER1:USER1
USER2:USER2
USER3:USER3
USER4:USER4
USER5:USER5
USER6:USER6
USER7:USER7
USER8:USER8
USER9:USER9
USERID:PASSW0RD
USERID:PASSWORD
USERP:USERP
USER_TEMPLATE:USER_TEMPLATE
USHA:admin
UTLBSTATU:UTLESTAT
VAX:VAX
VCSRV:VCSRV
VIDEOUSER:VIDEO USER
VIF_DEVELOPER:VIF_DEV_PWD
VIRUSER:VIRUSER
VMS:VMS
VNC:winterm
VRR1:VRR1
VTAM:VTAM
VTech:VTech
WANGTEK:WANGTEK
WEBADM:password
WEBCAL01:WEBCAL01
WEBDB:WEBDB
WEBLOGIC:WEBLOGIC
WEBREAD:WEBREAD
WINDOWS_PASSTHRU:WINDOWS_PASSTHRU
WINSABRE:SABRE
WINSABRE:WINSABRE
WKSYS:WKSYS
WP:HPOFFICE
WS50x0 Administrator (Substitute the x with the model of the workstation):2899100
WWW:WWW
WWWUSER:WWWUSER
WebAdmin:Admin
WebAdmin:WebBoard
WinCCAdmin:2WSXcde
WinCCConnect:2WSXcder
Wproot:cat1029
XPRT:XPRT
XXSESS_MGRYY:X#1833
Yak:asd123
ZXDSL:ZXDSL
[443][http-post-form] host: b33f63285b3534bf93c645bf21ebd2d7.ctf.hacker101.com   misc: /login:username=^USER^&password=^PASS^:Invalid password   login: alka   password: football
[DATA] attacking http-post-forms://b33f63285b3534bf93c645bf21ebd2d7.ctf.hacker101.com:443/login:username=^USER^&password=^PASS^:Invalid password
[DATA] max 12 tasks per 1 server, overall 12 tasks, 10001 login tries (l:1/p:10001), ~834 tries per task
[MULTIPLE]:744
__super:(caclulated)
aaAdmin:pwAdmin
aaPower:pwPower
aaUser:pwUser
aaa:often blank
aadbo:pwddbo
abarco:mistral5885
acc:acc
access-admin:(random password)
access-admin:password
accounting:accounting
acer:acer
acs:acs
ad_lab:41fbcd878806fc85558cf1ce22d44ab5:
ad_lab:58f86c211dc35fa3eaa5f46630763358:
ad_lab:7afe77b7be3e760f83788216cd5805de:
ad_lab:866bb0576c16444265bdaa5bfdfe6302:
ad_lab:a6532d4e1e89a8bd9a09259547aebf14:
ad_lab:b9080d46ebc882e37778bbb8306f3fda:
ad_lab:c69ebbbfd2c29efb8e9a4707100e27ff:
ad_lab:cec80955cec5125a95f7141d13dad56e:
adfexc:adfexc
adip:admin
adip:consul
adip:insta
adm:111111
adm:123456
adm:12345678
adm:1234567890
adm:1q2w3e4r
adm:abc123
adm:adm
adm:admin
adm:admin123
adm:dragon
adm:letmein
adm:master
adm:mikrotik
adm:mikrotik123
adm:monkey
adm:password
adm:password123
adm:qwerty
adm:ro48br48
adm:routeros
adm:routeros123
adm:welcome
admin1:password
admin2:changeme
admin:!admin
admin:%89%F0%01%8F%D0%01%80%F0%01%85%D0%01%83%F0%01%83%E0%01%84%F0%01
admin:(serial number)
admin:0
admin:0000
admin:000000
admin:00000000
admin:0000000000
admin:100
admin:1111
admin:11111
admin:111111
admin:1111111
admin:11_ThisIsTheFirstPassword_11
admin:123
admin:123123
admin:1234
admin:12345
admin:123456
admin:12345678
admin:1234567812345678
admin:1234567890
admin:1234admin
admin:1988
admin:1q2w3e4r
admin:1st MAC address of NAS (uppercase letters without special characters) [ex: MAC = 00-08-9B-F6-15-75 / password = 00089BF61575]
admin:2222
admin:22222
admin:2601hx
admin:33aastra
admin:362729
admin:3UJUh2VemEfUtesEchEC2d2e
admin:4321
admin:54321
admin:5iveL!fe
admin:666666
admin:7654321
admin:7ujMko0admin
admin:8005
admin:888888
admin:9999
admin:<<< %s(un='%s') = %u
admin:<<< %s(un='%s') = %u.
admin:<<< %s(un=\'%s\') = %u.
admin:<SEE COMMENT>
admin:<blank>
admin:<create by default>
admin:<none>
admin:<random string 8 symbol>
admin:ABB
admin:Admin
admin:Admin123
admin:Admin@123
admin:AitbISP4eCiG
admin:AlpheusDigital1010
admin:Ascend
admin:BGCVDSL2
admin:Bonjour1!
admin:C0C0D3GR120
admin:COadmin123
admin:CenturyL1nk
admin:Cloud Key of NAS (uppercase letters without any special characters) [ex: Cloud Key = Q1234-5678 / password = Q12345678]
admin:Complexpass#123
admin:Detmold
admin:FacilityExpl0rer
admin:Gpon1234
admin:HP_serial_number
admin:Harbor12345
admin:ISPMODE
admin:Janitza
admin:NetCache
admin:NetSeq
admin:NetSurvibox
admin:OCS
admin:OkiLAN
admin:P@55w0rd!
admin:P@ssw0rd
admin:PASS
admin:Pel2899100
admin:Printix
admin:Protector
admin:QwestM0dem
admin:Sharp
admin:Sonus12345
admin:Support
admin:TANDBERG
admin:Telstra
admin:Uq-4GIt3M
admin:Web@0063
admin:Xerox
admin:Zyxel*2012*
admin:[^_^]
admin:aaaaaa
admin:abc123
admin:access
admin:adm001
admin:admin
admin:admin000
admin:admin0001
admin:admin123
admin:admin1234
admin:admin256
admin:admin@huawei.com
admin:adminIWSS85
admin:adminadmin
admin:administrator
admin:adsl1234
admin:adslolitec
admin:adslroot
admin:algar
admin:alkotest20
admin:allot
admin:alphaadmin
admin:amigosw1
admin:aquario
admin:articon
admin:asante
admin:asd
admin:atlantis
admin:axis2
admin:b
admin:barney
admin:barricade
admin:bhu85tgb
admin:bintec
admin:blank
admin:boca raton
admin:brisanet
admin:broadband
admin:brocade1
admin:brother
admin:cableroot
admin:canon
admin:cat1029
admin:cciadmin
admin:centreon
admin:changeit
admin:changeme
admin:cisco
admin:claro
admin:comcomcom
admin:conexant
admin:default
admin:dell
admin:demo
admin:detmond
admin:diamond
admin:dmr99
admin:dnnadmin
admin:draadloos
admin:dragon
admin:dvr2580222
admin:eTIPS123
admin:enhydra
admin:epicrouter
admin:epson
admin:exinda
admin:extendnet
admin:fliradmin
admin:funkwerk
admin:giga+
admin:gigamais
admin:giraff
admin:gnos
admin:gnumpf
admin:gpon
admin:gvt12345
admin:h3capadmin
admin:h@32LuyD
admin:hagpolm1
admin:hello
admin:hg532e
admin:hg8245
admin:hipchat
admin:hivemq
admin:ho4uku6at
admin:honeywell
admin:hp
admin:hp.com
admin:hpinvent!
admin:huawei
admin:imsa7.0
admin:imss7.0
admin:indigo1
admin:infoblox
admin:infrant1
admin:initpass
admin:ip20
admin:ip21
admin:ip3000
admin:ip305Beheer
admin:ip400
admin:ipamadmin
admin:ironport
admin:isee
admin:j5Brn9
admin:jboss4
admin:jiocentrum
admin:jvc
admin:kont2004
admin:kuboard123
admin:labshock
admin:letmein
admin:leviton
admin:lexmark
admin:linga
admin:litmus
admin:localadmin
admin:loga
admin:loytec4u
admin:manager
admin:master
admin:meinsm
admin:michelangelo
admin:microbusiness
admin:mikrotik
admin:mikrotik123
admin:monkey
admin:mono
admin:moohoo
admin:motorola
admin:moxa
admin:mp3mystic
admin:mu
admin:muze
admin:my_DEMARC
admin:nCwMnJVGag
admin:netadmin
admin:netapp!123
admin:netgear1
admin:netoptics
admin:netscreen
admin:netwitness
admin:netxms
admin:nimda
admin:novell
admin:noway
admin:nxpassword
admin:oi
admin:openmediavault
admin:opensource
admin:operator
admin:opsware_admin
admin:p@ssw0rd
admin:panasonic
admin:paris
admin:pass
admin:passw0rd
admin:password
admin:password1
admin:password123
admin:passwort
admin:pentagram
admin:peribit
admin:pfsense
admin:phplist
admin:print
admin:printer
admin:private
admin:public
admin:publish
admin:pw
admin:pwp
admin:quest
admin:qwerty
admin:radius
admin:rainbow
admin:raritan
admin:readwrite
admin:ricoh
admin:ricoh2
admin:ricohmp
admin:rmnetlm
admin:rockwell
admin:root
admin:routeros
admin:routeros123
admin:samsung
admin:scadabr
admin:sec00000
admin:secure
admin:security
admin:setup
admin:sharp123
admin:siemens
admin:sky
admin:smallbusiness
admin:smcadmin
admin:store
admin:su@psir
admin:sumicity
admin:superuser
admin:surecom
admin:switch
admin:symantec
admin:symbol
admin:synnet
admin:sysAdmin
admin:system
admin:tegile
admin:test
admin:test1
admin:test1234
admin:tetra
admin:tomcat
admin:toshiba
admin:tp-link
admin:trinity
admin:tsunami
admin:ubnt
admin:ucopia
admin:urchin
admin:user
admin:utstar
admin:vertex25ektks123
admin:visual
admin:vivo
admin:w2402
admin:waav
admin:wago
admin:wbox123
admin:welcome
admin:westermo
admin:x-admin
admin:xad$l#12
admin:xerox
admin:year2000
admin:zhone
admin:zhongxing
admin:zoomadsl
admin@admin.com:password
admin@admin.test:admin
admin@company.com:admin
admin@example.com:admin
admin@example.com:administrator
admin@local.host:5iveL!fe
admin@thehive.local:secret
administrator:* * #
administrator:111111
administrator:1234
administrator:123456
administrator:12345678
administrator:1234567890
administrator:19750407
administrator:1q2w3e4r
administrator:5ecr3t
administrator:PlsChgMe!
administrator:RSAAppliance
administrator:St0r@ge!
administrator:Wyse#123
administrator:abc123
administrator:admin
administrator:admin123
administrator:administrator
administrator:administrator (role KVAdministrator)
administrator:adminpass
administrator:asecret
administrator:blank
administrator:covid#19@mata
administrator:d1scovery
administrator:dragon
administrator:goanywhere
administrator:letmein
administrator:master
administrator:mikrotik
administrator:mikrotik123
administrator:monkey
administrator:password
administrator:password/changeme or secret
administrator:password123
administrator:qwerty
administrator:radius
administrator:root
administrator:routeros
administrator:routeros123
administrator:superuser
administrator:vagrant
administrator:welcome
adminlvjh:adminlvjh123
adminstat:OCS
adminstrator:changeme
adminttd:adminttd
adminuser:OCS
adminview:OCS
admn:password
adsl:adsl1234
akkadianuser:akkadianpassword
alien:alien
almalinux:almalinux
anon:anon
anonymous:Exabyte
anonymous:anonymous
anonymous:any
anonymous:any@
anonymous:blank (Ethernet access)
anonymous:guest
anonymous:password
aparker@geometrixx.info:aparker
apc:apc
arcane:arcane-admin
archlinux:archlinux
argus:argus
at4400:at4400
atx:atx
author:author
autocad:autocad
axis2:axis2
backbox:backbox
backup:backup
backuponly:backuponly1
backuprestore:backuprestore1
bank:bank
basisk:basisk
bbs:bbs
bbsd-client:NULL
bbsd-client:changeme2
bciim:bciimpw
bcim:bcimpw
bcms:bcmspw
bcnas:bcnaspw
beef:beef
bewan:bewan
bin:sys
blue:bluepw
bootstrap:generated
boss:boss
both:tomcat
bpel:bpel
browse:browsepw
browse:looker
bsxuser:bsxpass
bubba:(unknown)
builtin:builtin
cablecom:router
cablemodem:robotics
cac_admin:cacadmin
cas:cascade
cassandra:cassandra
ccrusr:ccrusr
cellit:cellit
centos:centos
cgadmin:cgadmin
changeme:changeme
checkfs:checkfs
checkfsys:checkfsys
checksys:checksys
chronos:facepunch
cic:Cic!23456789
cic:cic
cic:cic!23456789
cipherlocal:Cipher@2024
cisco:admin
cisco:cisco
citel:password
clearone:converge
client:client
cliuser:cliuser
cmaker:cmaker
cmc:cmc
cmc:password
cmkadmin:cmkadmin
cn=orcladmin:welcome
comcast:1234
computer:repair
conferencing:admin
config:biodata
core:phpreactor
corecess:corecess
craft:craft
craft:craftpw
craft:crftpw
crowd-openid-server:password
ctb_admin:sap123
cumulus:cumulus
cusadmin:CantTouchThis
cusadmin:highspeed
cust:custpw
customer:none
cxsdk:kdsxc
cyber:cyber
cyberoam:cyber
d.e.b.u.g:User
dadmin:dadmin
dadmin:dadmin01
daemon:daemon
dasusr1:dasusr1
davox:davox
db2admin:db2admin
db2as:db2as
db2as:ibmdb2
db2fenc1:db2fenc1
db2fenc1:ibmdb2
db2inst1:db2inst
db2inst1:db2inst1
db2inst1:db2pass
db2inst1:db2password
db2inst1:db2pw
db2inst1:ibmdb2
dbadmin:sq!us3r
dbase:dbase
dcmadmin:passw0rd
debian:debian
debug:d.e.b.u.g
debug:gubed
debug:synnet
decoder:pelco
def:trade
default:1234
default:OxhlwSG8
default:S2fGqNFs
default:WLAN_AP
default:antslq
default:default
default:lJwpbo6
default:tlJwpbo6
defug:synnet
demo:demo
demo:m9ff.QW
demos:demos
deskalt:password
deskman:changeme
desknorm:password
deskres:password
dev:dev
device:apc
device:cyber
device:device
devicehaecived:1234
dhs3mt:dhs3mt
dhs3pms:dhs3pms
diag:danger
diag:switch
digicel:digicel
disabledsystemuser:disabled1system1user6708
distech:controls
distrib:distrib0
disttech:4tas
disttech:disttech
disttech:etas
ditto:ditto
dni:dni
dont need one:admin
dos:dos
dpn:changeme
draytek:1234
dropreallocal:Dropreal@2024
dvstation:dvst10n
dx8100adm:dx8100
e250:e250changeme
e500:e500changeme
e8c:e8c
e8ehome:e8ehome
e8telnet:e8telnet
eagle:eagle
echo:User
echo:echo
edimax:software01
editor:editor
egcr:ergc
eignet:inp100
elastic:changeme
emaq:4133
emcupdate:password
empireadmin:password123
enable:cisco
enablediag:ironport
eng:engineer
engmode:hawk201
enquiry:enquirypw
epiq_api:raritan
expert:expert
factory:(see note)
factory:Fact4EMC
fal:fal
fam:fam
fastwire:fw
fax:fax
fedora:fedora
fg_sysadmin:password
field:field
field:support
firstsite:firstsite
ftp:!ftp
ftp:anonymous
ftp:ftp
ftp_admi:kilo1987
ftp_inst:pbxk1064
ftp_nmc:tuxalize
ftp_oper:help1954
ftpuser:1111
ftpuser:1234
ftpuser:ftp
fwadmin:xceladmin
games:games
gamez:lrkr0x
gdadmin:admin
glftpd:glftpd
glpi:glpi
god1:12345
god2:12345
gopher:gopher
gts:opengts
guacadmin:guacadmin
guest1:guest
guest1:guest1
guest:1111
guest:111111
guest:1234
guest:12345
guest:123456
guest:12345678
guest:1234567890
guest:1q2w3e4r
guest:Janitza
guest:User
guest:abc123
guest:admin
guest:admin123
guest:dragon
guest:guest
guest:guestgue
guest:letmein
guest:master
guest:mikrotik
guest:mikrotik123
guest:monkey
guest:password
guest:password123
guest:qwerty
guest:routeros
guest:routeros123
guest:std001
guest:truetime
guest:welcome
guru:*3noguru
halt:halt
halt:tlah
hello:hello
helpdesk:OCS
honeywell:webs
host:dnnhost
hqadmin:hqadmin
hsa:hsadb
hscroot:abc123
ibadmin:ChangePass
ibm:2222
ibm:password
ibm:service
ibrix:ibrix
icingaadmin:icinga
iclock:timely
ilom-admin:ilom-admin
ilom-operator:ilom-operator
ilon:ilon
images:images
inads:inads
inads:indspw
info:%1q2w@3e4r%
info:111111
info:123456
info:12345678
info:1234567890
info:1q2w3e4r
info:abc123
info:admin
info:admin123
info:dragon
info:letmein
info:master
info:mikrotik
info:mikrotik123
info:monkey
info:password
info:password123
info:qwerty
info:routeros
info:routeros123
info:welcome
informix:informix
init:initpw
install:install
install:llatsni
install:secret
installer:1000
installer:installer
installer:sx2000
instrument:instrument
integrator:p1nacate
intel:intel
intermec:intermec
internal:oracle
ioFTPD:ioFTPD
ishlab:ishlab123
ishlocal:Ish@2024
isp:isp
itsadmin:init
j2deployer:j2deployer
james:james
jamfsoftware:jamfsw03
jasperadmin:bitnami
jasperadmin:jasperadmin
jci:explorer
jdoe@geometrixx.info:jdoe
jeedom:Mjeedom96
jens:demo
joe:password
joeuser:joeuser
john:Password123!
johnson:control
jvc:skaarhoj
kali:kali
kermit:kermit
keycloak-admin:datical
keyscan:KEYSCAN
khan:kahn
kodi:kodi
l2:l2
l3:l3
lam:lam
lansweeperuser:mysecretpassword0*
live:live
localadmin:localadmin
locate:locatepw
login:0
login:0000
login:1111
login:8429
login:access
login:admin
login:password
lp:bin
lp:lineprin
lp:lp
lpadm:lpadm
lpadmin:lpadmin
lynx:lynx
m1122:m1122
mail:mail
mailadmin:secret
maint1:sx2000
maint2:sx2000
maint:maint
maint:maintpw
maint:ntacdmax
maint:rwmaint
maintainer:admin
maintainer:bcpb+serial#
maintainer:bcpb[SERIAL NO.]
maintainer:pbcpbn(add-serial-number)
maintenance:maintenance
man:man
manage:!manage
manager:111111
manager:123456
manager:12345678
manager:1234567890
manager:1q2w3e4r
manager:abc123
manager:admin
manager:admin123
manager:changeme
manager:dragon
manager:friend
manager:letmein
manager:manager
manager:master
manager:mikrotik
manager:mikrotik123
manager:monkey
manager:password
manager:password123
manager:qwerty
manager:routeros
manager:routeros123
manager:sexy%%baby
manager:system
manager:welcome
managers:managers
manuf:xxyyzz
maq115:9bbc0dbd50fa2222cf8c56926a413fd2:
maq119:ae4e8c1e16813ba8d390d155ae6667d1:
maq129:8e3f9ec016e3598c5eec11fd3d73f6fb:
maq138:0573bfddb96a4afa8c10180cde7ecfa7:Bco37.Dados
maq146:11f9dd3faad566a80acee21a49f77668:
maq146_shadow:robot_sha512crypt_hash_in_loot:
maq151:621867c09db9d8afc490ca0fc77dee50:
maq152:91447d04e8a4b70fd64393522f2db54e:
maq156:5978a63b4654c73c60fa24f836386d87:italia99
maq156:9b38e2b1e8b12f426b0d208a7ab6cb98:vipsu
maq156:ebb26d354cb061576eaadc39e6849808:
maq156:f463f63616cb3f1e81ce46b39f882fd5:marianna
maq163:fa6f47ba08f5511826ce1cc0d659ff36:
maq164:d41d8cd98f00b204e9800998ecf8427e13:
maq171_SAM:2b6e82d5b25ba113a709c90c9a349a98:entrar
maq178:0089cd4f9ae79402cdd4e7b8931892b7:
maq179_AD:19c050970ac895d3f71a14482f0aea18:WEBadmin@123
maq179_AD:5df27a679c611ca55299b2b9ede6533d:Aluno@01
maq179_AD:d08e7bea2c3e8871226baad598428fbf:DBadmin@123
maq179_AD:e19ccf75ee54e06b06a5907af13cef42:P@ssw0rd
maq179_AD:e440b2a918241274dcc62ad2d31d83b9:M4v3r1ck.H7YDNCjMGxJ7TvUMJ.s9n9LuH
maq179_AD:e606ba0be45573509f873c0a6f79e7ec:P@$$word123!
mary:password
master:access
master:master
master:themaster01
maxadmin:maxadmin
maxreg:maxreg
mcUser:medocheck123
me:me
mediator:mediator
memotec:supervisor
mfd:mfd
mg3500:merlin
mikrotik:111111
mikrotik:123456
mikrotik:12345678
mikrotik:1234567890
mikrotik:1q2w3e4r
mikrotik:abc123
mikrotik:admin
mikrotik:admin123
mikrotik:dragon
mikrotik:letmein
mikrotik:master
mikrotik:mikrotik
mikrotik:mikrotik123
mikrotik:monkey
mikrotik:password
mikrotik:password123
mikrotik:qwerty
mikrotik:routeros
mikrotik:routeros123
mikrotik:welcome
minioadmin:minioadmin
mlusr:mlusr
mobile:alpine
mobile:dottie
monitor:!monitor
monitor:anevia
monitor:monitor
monitor:password
mother:fucker
mountfs:mountfs
mountfsys:mountfsys
mountsys:mountsys
msf:msf
msfdev:msfdev
mso:w0rkplac3rul3s
mssplocal:Mudar@123
mtch:mtch
mtcl:mtcl
museadmin:Muse!Admin
musi1921:Musi%1921
musi1921:Musii%1921
mxintadm:mxintadm
mydlp:mydlp
n.a:guardone
naadmin:naadmin
nacos:nacos
nagiosadmin:nagiosadmin
nasadmin:nasadmin
naztec:naztec
ncrm:ncrm
neo4j:BloodHound
neo4j:neo4j
netadmin:nimdaten
netbotz:netbotz
netlink:netlink
netman:netman
netopia:netopia
netrangr:attack
netscreen:<<< %s(un='%s') = %u
netscreen:netscreen
netwitness:netwitness
news:news
newuser:wampp
nexthink:123456
nm2user:nm2user
nms:nmspw
nmt:1234
nobody:nobody
none:0
none:admin
nop:12345
nop:123454
normal:normal
nqadmin:nq
nquser:nq
nsroot:nsroot
ntpupdate:ntpupdate
nutanix:4u
nxadmin:nxpassword
ods:ods
on:on
onlime_r:12345
op:op
op:operator
openfiler:password
openhabian:openhabian
openplc:openplc
operator:$chwarzepumpe
operator:111111
operator:1234
operator:123456
operator:12345678
operator:1234567890
operator:1q2w3e4r
operator:abc123
operator:admin
operator:admin123
operator:col1ma
operator:dragon
operator:letmein
operator:master
operator:mercury
operator:mikrotik
operator:mikrotik123
operator:monkey
operator:operator
operator:password
operator:password123
operator:profense
operator:qwerty
operator:routeros
operator:routeros123
operator:weblogic
operator:welcome
oracle:oracle
osmc:osmc
ostadmin:admin
overseer:overseer
ovwebusr:OvW*busr1
padmin:padmin
pamadmin:pamadmin
parrot:parrot
patrol:patrol
pelco:Pel2899100
pepino:pepino
pi:raspberry
piranha:piranha
piranha:q
pix:cisco
pnadmin:pnadmin
politically:correct
poll:poll
poll:tech
post-only:postonly
postgres:123
postgres:admin
postgres:amber
postgres:dbpass
postgres:password
postgres:postgres
postgres:svcPASS83
postmaster:postmast
powerdown:powerdown
praisenetwork:perfectpraise
prime:prime
prime:primeos
primenet:primenet
primenet:primeos
primeos:prime
primeos:primeos
primos_cs:prime
primos_cs:primos
print:print
printer:printer
private ReadWrite access:secret
productadmin@n-able.com:ManageAllTheThings0!
professor:professor
prtgadmin:prtgadmin
public ReadOnly access:secret
public:public
pvserver:pvwr
pw:pw
pw:pwpw
pwrchute:pwrchute
qpgmr:qpgmr
qsecofr:11111111
qsecofr:22222222
qsecofr:qsecofr
qserv:qserv
qsrv:qsrv
qsrvbas:qsrvbas
qsvr:ibmcel
qsvr:qsvr
qsysopr:qsysopr
questra:questra
quser:quser
radware:radware
rapport:r@p8p0r+
rcust:rcustpw
rdc123:rdc123
read:synnet
readonly:apc
readonly:lucenttech2
readwrite:lucenttech1
recover:recover
recovery:recovery
red:admin
redline:redline
remotessh:5SaP9I26
replication-receiver:replication-receiver
replicator:replicator
restoreonly:restoreonly1
rewt:satori
rje:rje
ro:ro
rocky:rocky
rockylinux:rockylinux
role1:role1
role1:tomcat
role:changethis
roo:honey
root:!2345Asdfg
root:!root
root:0
root:00000000
root:0P3N
root:0p3nm35h
root:0penBmc
root:1001chin
root:1111
root:111111
root:1234
root:12345
root:123456
root:12345678
root:1234567890
root:1234qwer
root:1q2w3e4r
root:1q2w3e4r5
root:20080826
root:3ep5w2u
root:4321
root:54321
root:5iveL!fe
root:5up
root:666666
root:7ujMko0admin
root:7ujMko0vizxv
root:840sw
root:888888
root:8RttoTriz
root:<SEE COMMENT>
root:Admin
root:Cisco
root:D13HH[
root:D13hh[
root:GM8182
root:HI1602014x
root:Mau'dib
root:Mjeedom96
root:MuZhlo9n%8!G
root:Mua'dib
root:NeXT
root:Passw0rd
root:Password
root:QNX
root:ROOT500
root:Serv4EMC
root:TANDBERG
root:TrippLite
root:W!n0&oO7.
root:Win1doW$
root:Zte521
root:abc123
root:admin
root:admin123
root:adminHW
root:adminIWSS85
root:admin_1
root:ahetzip8
root:alien
root:alpine
root:anko
root:antsle
root:antslq
root:arcsight
root:arkeia
root:artica
root:ascend
root:attack
root:awind5885
root:ax400
root:bagabu
root:blablabla
root:blender
root:brightmail
root:calvin
root:camera
root:cat1029
root:centreon
root:changeme
root:changemenow
root:changeonfirstlogin
root:changethis
root:ciwuxe
root:cms500
root:dasdec1
root:davox
root:dbps
root:default
root:deif7800
root:dottie
root:dragon
root:dreambox
root:epp2011
root:f00b@r
root:fibranne
root:fivranne
root:freenas
root:fxjvt1805
root:gforge
root:ggdaseuaimhrke
root:grouter
root:h2014071
root:hi3518
root:hipc3518
root:honey
root:hp
root:hpinvent
root:hslwificam
root:hunt5759
root:iDirect
root:icatch99
root:ikwb
root:ikwd
root:inflection
root:ipc71a
root:ipcam_rt5350
root:ivdev
root:jstwo
root:juantech
root:jvbzd
root:klv123
root:klv1234
root:kn1TG7psLu
root:letacla
root:letmein
root:linux
root:logapp
root:m
root:manager
root:master
root:mikrotik
root:mikrotik123
root:monkey
root:moxa
root:mozart
root:mpegvideo
root:nagiosxi
root:nas4free
root:nasadmin
root:netwitness
root:nokia
root:nsi
root:oelinux123
root:openelec
root:openvpnas
root:opnsense
root:orion99
root:par0t
root:pass
root:passw0rd
root:password
root:password123
root:pel2899100
root:permit
root:pixmet2003
root:proxmox
root:qwerty
root:rain
root:raspberry
root:raspi
root:realtek
root:reecam4debug
root:resumix
root:rkwjsdusrnth
root:root
root:rootadmin
root:rootme
root:rootpass
root:router
root:routeros
root:routeros123
root:same as webui pwd
root:secur4u
root:solokey
root:sun123
root:svgodie
root:system
root:t00lk1t
root:t0talc0ntr0l4!
root:taZz@01
root:taZz@23495859
root:testpass123
root:timeserver
root:tini
root:tl789
root:toor
root:tooridu
root:trendimsa1.0
root:tsgoingon
root:tslinux
root:uClinux
root:ubnt
root:ui
root:user
root:vertex25
root:vizxv
root:vmware
root:wecandoit
root:welcome
root:wh00t!
root:wyse
root:xc3511
root:xmhdipc
root:ys123456
root:zhongxing
root:zlxx.
root:zsun1188
root@localhost:root
router:router
routeros:111111
routeros:123456
routeros:12345678
routeros:1234567890
routeros:1q2w3e4r
routeros:abc123
routeros:admin
routeros:admin123
routeros:dragon
routeros:letmein
routeros:master
routeros:mikrotik
routeros:mikrotik123
routeros:monkey
routeros:password
routeros:password123
routeros:qwerty
routeros:routeros
routeros:routeros123
routeros:welcome
rw:rw
rwa:rwa
s1stem:5X2000
sa:$easyWinArt4
sa:$ei$micMicro
sa:42Emerson42Eme
sa:Cardio.Perfect
sa:Cic!23456789
sa:DBA!sa@EMSDB123
sa:Dr8gedog
sa:Ektron
sa:LETmein333
sa:M3d!aP0rtal
sa:Password123
sa:PracticeUser1
sa:RPSsql12345
sa:SECAdmin1
sa:SecurityMaster08
sa:SilkCentral12!34
sa:V4in$ight
sa:changeonfirstlogin
sa:cic
sa:cic!23456789
sa:dr8gedog
sa:password
sa:sa
sa:sasasa
sa:skf_admin1
sa:splendidcrm2005
sa:sqlserver
sa:vantage12!
savelogs:crash
scadabr:scadabr
scan:scan
scmadmin:scmchangeme
sconsole:12345
scott:tiger or tigger
scout:scout
scpuser:scpuser
scrutremote:admin
scwuser:scw12345user
secoff:secoff
secofr:secofr
secure:SecurityMaster08
security:security
sedacm:secacm
self:system
serial#:serial#
service:ABB800xA
service:ipdongle
service:service
service:smile
servlet:manager
setpriv:system
setup:changeme
setup:changeme!
setup:changeme(exclamation)
setup:setup
shutdown:shutdown
signa:signa
simulation:Fortiphyd
simulation:simulation
siteadmin:siteadmin
siteadmin:toplayer
smc:smcadmin
snmp:nopasswd
snmp:snmp
software:software
solr:SolrRocks
sonos:sonos
spcl:0
spcl:0000
splunkadmin:changeme
ssadmin:sspassword
ssladmin:ssladmin
ssp:ssp
status:readonly
storwatch:specialist
stratacom:stratauser
stuccoboy:100198
student:student
su:super
super.super:master
super:5777364
super:debug
super:forgot
super:juniper123
super:sp-admin
super:super
super:superpass
super:surt
superadmin:HW@root123
superadmin:Is$uper@dmin
superadmin:secret
superadmin:superadmin
superdba:admin
superman:21241036
superman:superman
superman:talent
superuser:123456
superuser:admin
superuser:asante
superuser:passw0rd
superuser:superuser
superview:superview
supervisor:09430
supervisor:PlsChgMe!
supervisor:PlsChgMe1
supervisor:password
supervisor:supervisor
supervisor:visor
supervisor:zyad1234
support:111111
support:123456
support:12345678
support:1234567890
support:1q2w3e4r
support:abc123
support:admin
support:admin123
support:dragon
support:h179350
support:letmein
support:master
support:mikrotik
support:mikrotik123
support:monkey
support:ous35hi3
support:password
support:password123
support:qwerty
support:routeros
support:routeros123
support:support
support:supportpw
support:welcome
sweex:mysweex
swift:swift
sync:sync
sys:bin
sys:change_on_install
sys:sys
sys:system
sys:uplink
sysadm:Admin
sysadm:admin
sysadm:admpw
sysadm:anicust
sysadm:sysadm
sysadm:sysadmpw
sysadm:syspw
sysadmin:PASS
sysadmin:blackduck
sysadmin:master
sysadmin:nortel
sysadmin:password
sysadmin:sysadmin
sysbin:sysbin
sysdiag:factorycast@schneider
sysopr:sysopr
system/manager:sys/change_on_install
system:Passw0rd
system:System01
system:adminpwd
system:field
system:isp
system:manager
system:mnet
system:password
system:prime
system:security
system:sx2000
system:sys
system:system
system:weblogic
system:welcome(1)
system_admin:system_admin
t3admin:Trintech
taranis:taranis
target:password
tasman:tasmannet
teacher:password
tech:111111
tech:123456
tech:12345678
tech:1234567890
tech:1q2w3e4r
tech:abc123
tech:admin
tech:admin123
tech:dragon
tech:field
tech:letmein
tech:master
tech:mikrotik
tech:mikrotik123
tech:monkey
tech:nician
tech:password
tech:password123
tech:qwerty
tech:routeros
tech:routeros123
tech:tech
tech:welcome
technician:2 + last 4 of Audio
technician:yZgO8Bvj
tecnician:tecnician
telco:telco
tele2:tele2
tele:tele
telecom:telecom
telecomadmin:******
telecomadmin:F0xB734Fr3@j%YEP
telecomadmin:NWTF5x%RaijkX
telecomadmin:admintelecom
telecomadmin:nE7jA%5m
telecomadmin:telecomadmin
tellabs:tellabs#1
telnet:telnet
telnetadmin:telnetadmin
temp1:password
tempestlocal:Tempest@2024
test:test
test:test1
test:test123
thehive@thehive.local:thehive1234
theman:changeit
tiara:tiaranet
tiger:tiger123
tomcat:changethis
tomcat:s3cret
tomcat:tomcat
toor:logapp
topadmin:topadmin
topicalt:password
topicnorm:password
topicres:password
tour:tour
trans:trans
tridium:niagara
trmcnfg:trmcnfg
trouble:trouble
true:true
tutor:tutor
tw:tw
ubnt:ubnt
ubuntu:ubuntu
ucdpadmin:ucdpadmin
ucenik23:ucenik
ucspe:ucspe
ui:ui
umountfs:umountfs
umountfsys:umountfsys
umountsys:umountsys
unix:unix
upgrade:Th0ms0n!
user1:password
user3:12345678901234567890123456789012345678901234567890123456789012345678901234567890123456789012345678901234567890123456789012345678
userNotUsed:userNotU
user_analyst:demo
user_approver:demo
user_author:demo
user_checker:demo
user_designer:demo
user_editor:demo
user_expert:demo
user_marketer:demo
user_pricer:demo
user_publisher:demo
useradmin:admin
useradmin:password
uucp:uucp
uucpadm:uucpadm
uwmadmin:password
vagrant:vagrant
vcr:NetVCR
veda:12871
vgnadmin:vgnadmin
viewer:12345
viewuser:viewuser1
vikram:singh
voadmin:manager
vodafone:vodafone
volition:volition
vpasp:vpasp
vstarcam2015:20150602
vt100:public
wVQxyQec:eomjbOBLLwbZeiKV
wank:wank
wasadmin:wasadmin
wazuh:wazuh
web:web
web_api:sl33p30F00dumass!
webadmin:1234
webadmin:webadmin
webadmin:webibm
webdb:webdb
webguest:1
weblogic:weblogic
weblogic:weblogic1
weblogic:welcome(1)
webmaster:webmaster
websecadm:changeme
webshield:webshieldchangeme
whd:whd
wlcsystem:wlcsystem
wlpisystem:wlpisystem
wlse:wlsedb
wlseuser:wlsepassword
workstation:password
wpsadmin:wpsadmin
wradmin:trancell
write:private
write:synnet
wwAdmin:wwAdmin
wwPower:wwPower
wwUser:wwUser
wwdbo:wwdbo
www2:9311
www:9311
www:www
x-admin:11111
xampp:xampp
xbox:xbox
xd:xd
xmi_demo:sap123
youitlab:youitlab123
zyfwp:PrOw!aN_fXp
