!root:
!root:root
"0:0 (role 0)
"Administrator 1:Admin1
"Administrator:admin
"Direct level:<blank>
"FTP:sysdiag:factorycast@schneider
"GE:GE (Telnet
"Guest:guest
"HTTP admin:admin
"HTTP:blank:ZYPCOM
"Level 1:1024
"Level 6 End users:1000 (Physical)
"Liebert:Liebert
"NETLink PRO PoE:admin"
"PVRemote:PD35010 (from a remote PC via a telephone connection)"
"Root:00000000
"SNMP community string:wdpfRO"
"SQL Server Login:aadbo:pwddbo
"To read data 1111:1111
"User 01:100
"admin:<blank>
"admin:admin
"admin:avocent
"admin:bintec
"admin:default
"admin:funkwerk
"admin:private
"admin:wago
"admin@root:charleM!800"
"ecoV:ecopass
"for ftp and lns servers:ilon:ilon"
"for http:ETHERNET
"for the Windows log in Administrator:navigator
"guest:guest
"ntpupdate:ntpupdate (Using an FTP client
"pcfactory:pcfactory
"root:deif7800 (administrator)
"root:froot
"root:wago
"root:zP2wxY4uE"
"telnet root:root
"tracerlab:tracerlab (for remote access)
"user password:0000
"user:12345
"user:public
"winccd:winccpass
$ALOC$:
$system:
11111:
11111:x-admin
1111:1111
12.x:
1234:1234
1502:1502
266344:266344
3comcso:RIP000
4Dgifts:
6.x:
666666:666666
66666:6666666
7654321:7654321
888888:888888
:
:0
:0 and the number of OCE printer
:000 or 202
:0000
:000000
:00000000
:002236
:0300
:0392a0
:1
:100
:10023
:1064
:1111
:11111
:11111111
:123
:1234
:12341234
:12345
:123456
:1234567
:12345678
:1234567812345678
:1234567890
:1234admin
:1322222
:151515
:166816
:1851
:1900
:1981
:1988
:1RRWTTOOI
:21232f297a
:24Banc81
:2500
:2501
:256256
:2580
:266344
:2800
:2read
:3098z
:3477
:3500
:3ascotel
:4000
:4321
:4changes
:4getme2
:4x 'Enter' button
:57gbzb
:589589
:589721
:727
:744
:8111
:8888
:9999
:?award
:A.M.I
:ABCD
:ACCESS
:ACCORD
:ADMIN
:AM
:AMI
:AMI!SW
:AMI.KEY
:AMI.KEZ
:AMI?SW
:AMIAMI
:AMIDECOD
:AMIPSWD
:AMISETUP
:AMI_SW
:AMI~
:ANYCOM
:AUTORAID
:AVStumpfl
:AWARD SW
:AWARD?SW
:AWARD_PW
:AWARD_SW
:AaBbCcDd
:Admin
:Admin#1
:Administrative
:Administrator
:Advance
:Amx1234!
:Award
:BIGO
:BIOS
:BIOSPASS
:BRIDGE
:Babylon
:Biostar
:C0de
:CISCO
:CMOSPWD
:CONCAT
:CONDO
:CR52401
:CTX_123
:Cisco
:Cisco router
:ClueCon
:Col2ogro2
:Compaq
:Compleri
:Congress
:Craftr4
:Crystal
:Daewuu
:Daytec
:Dell
:EltakoFVS
:EyesOfNetwork
:FELDTECH_VNC
:FOOBAR
:Fireport
:GWrv
:Guest
:HELGA-S
:HEWITT RAND
:HLT
:Helpdesk
:IBM
:ILMI
:Intel
:Intermec
:Last 4 digits of VIN
:MASTER
:MBIU0
:MCUrv
:MagiMFP
:Master
:MiniAP
:NTCIP
:NetICs
:NoGaH$@!
:OrigEquipMfr
:PASSWORD
:PRIVATE
:PUBLIC
:Password
:Passwort
:Polrty
:Posterie
:Private
:Public
:Q54arwms
:QDI
:R1QTPS
:RM
:SECRET
:SECURITY
:SER
:SKY_FOX
:SMDR
:SNMP
:SNMP_trap
:SUN
:SUPER
:SWITCH
:SWITCHES_SW
:SW_AWARD
:SYSTEM
:SY_MB
:SZYX
:Secret
:Security
:SnuFG5
:Spacve
:Super
:Switch
:Sxyz
:Symbol
:System
:TANDBERG
:TENmanUFactOryPOWER
:TEST
:TOUCHLON
:TTPTHA
:Telecom
:Tiny
:Toshiba
:TzqF
:Vextrex
:Vision2
:Wyse
:Wyse#123
:ZAAADA
:Zenith
:_Cisco
:aLLy
:aPAf
:aammii
:access
:adm
:admin
:admin00
:adminttd
:adtran
:agent
:agent_steal
:alfarome
:all
:amber
:apc
:ascend
:atc123
:award
:award.sw
:award_?
:award_ps
:awkward
:backdoor
:bcpb(serial number of the firewall)
:beijer
:bell9
:bintec
:biosstar
:biostar
:blank
:blue
:c
:cable
:cable-docsis
:canon_admin
:cascade
:cc
:central
:changeit
:cisco
:citel
:clickshare
:comcomcom
:community
:condo
:connect
:console
:core
:cr0wmt 911
:damin
:debug
:default
:default.password
:dilbert
:djonet
:dn_04rjc
:ducati900ss
:efmukl
:elux
:enable
:enter
:epicrouter
:eyevis
:familymacintosh
:fi-scanner
:fidel123
:field
:foolproof
:freekevin
:fubar
:g6PJ
:gandalf
:guardone
:gubed
:guest
:h6BB
:hapero
:hello
:help
:hewlpack
:hp
:hp1234
:hp_admin
:hs7mwxkk
:iPbSmNt
:ibm
:ilmi
:initpass
:instrument
:intermec
:internal
:iolan
:isolation
:iwill
:j09F
:j256
:j262
:j322
:j64
:jannie
:jetdirect
:joh316
:komprie
:ksdjfg934t
:kyocera
:l1
:l2
:l3
:laflaf
:lantronix
:laser
:last
:leaves
:lesarotl
:letmein
:lkw peter
:lkwpeter
:m9ff.QW
:mMmM
:manager
:maryland-dstar
:mcp
:medion
:merlin
:mitsubishi
:mngt
:monitor
:moxa
:muster
:mysweex
:netadmin
:netman
:network
:nokai
:nokia
:nz0u4bbe
:openview
:paradox
:pass
:pass1
:pass2
:passwd11
:password
:pento
:pr1v4t3
:print
:printer
:private
:prost
:protech
:protection
:proxy
:publ1c
:public
:public/private/secret
:qwasyx21
:raidzone
:rainbow
:raspberry
:read
:readwrite
:red
:regional
:ricoh
:ripnas
:riverhead
:rmon
:rmon_admin
:ro
:root
:router
:rw
:rwa
:s!a@m#n$p%c
:s7-1200
:s7-1500
:s7-300
:s7-400
:sa
:san
:san fran 8
:sanfran
:scotty
:sec00000
:secret
:secure
:security
:seri
:serial number of the Call-UPS
:serial number of the Share-UPS
:sertafu
:setup
:shiva
:siemens
:sigmatek
:sitecom
:sldkj754
:sma
:smcadmin
:snake
:snmp
:snmp-Trap
:snmpd
:snmptrap
:solarfocus
:solaris
:sp99dd
:speedxess
:spooml
:star
:sun
:superuser
:switch
:symantec
:sysAdmin
:sysadm
:system
:t0ch20x
:t0ch88
:tatercounter2000
:teX1
:tech
:technolgi
:telos
:test
:test2
:tiara
:tiny
:tiv0li
:tivoli
:toshy99
:touchpwd=
:trap
:uboot
:user
:visam
:vnc
:vnc_pcc
:wg
:wodj
:world
:write
:x40rocks
:x6zynd56
:xdfk9874t3
:xljlbj
:xmux
:xo11nE
:xyzall
:xyzzy
:yellow
:yesco
:zbaaaca
:zebra
:zeosx
:zjaaadc
ADMIN ADMIN
ADMIN:
ADMIN:ADMIN
ADMIN:canon
ADMINISTRATOR:ADMINISTRATOR
ADMN:admn
ADVMAIL:
ADVMAIL:HP
ADVMAIL:HPOFFICE
AP2SVP:
APL2PP:
ARCHIVIST:
AURORA$JIS$UTILITY$:
AUTOLOG1:
Admin:
Admin:00000000
Admin:5up
Admin:Admin
Admin:Admin123
Admin:AdminAdmin
Admin:admin
Admin:admin00
Admin:blank
Administrator:
Administrator:1
Administrator:1111
Administrator:11111
Administrator:12345678
Administrator:1234567812345678
Administrator:3ware
Administrator:Administrator
Administrator:Gateway
Administrator:Password
Administrator:Wonderware
Administrator:access
Administrator:admin
Administrator:changeme
Administrator:deltav
Administrator:ganteng
Administrator:letmein
Administrator:meinsm
Administrator:password
Administrator:pilou
Administrator:smcadmin
Advanced:advanced
Alphanetworks:wapnd03cm_dkbs_dap2555
Alphanetworks:wapnd04cm_dkbs_dap3525
Alphanetworks:wapnd15_dlob_dap1522b
Alphanetworks:wrgac01_dlob.hans_dir865
Alphanetworks:wrgg15_di524
Alphanetworks:wrgg19_c_dlwbr_dir300
Alphanetworks:wrgn22_dlwbr_dir615
Alphanetworks:wrgn23_dlwbr_dir300b
Alphanetworks:wrgn23_dlwbr_dir600b
Alphanetworks:wrgn28_dlob_dir412
Alphanetworks:wrgn39_dlob.hans_dir645
Alphanetworks:wrgn39_dlob.hans_dir645_V1
Alphanetworks:wrgn49_dlob_dir600b
Alphanetworks:wrgnd08_dlob_dir815
Anonymous:
Any:12345
ArgusAdmin:masterkey
BACKUP:
BATCH1:
BATCH2:
BATCH:
CCC:
CENTUM:CENTUM
CHEY_ARCHSVR:
CMSBATCH:
CMSUSER:
CPNUC:
CPRM:
CSG:SESAME
CSPUSER:
CTXSYS:
CVIEW:
Cisco:Cisco
Clarissa:
D-Link:D-Link
DATAMOVE:
DEMO1:
DEMO2:
DEMO3:
DEMO4:
DESQUETOP:
DIRECT:
DIRMAINT:
DISKCNT:
DMS Connection:0000 or 1234
DS:
DSA:
DTA:TJM
DeltaVAdmin:DeltaVAdmin
Demo:
EAdmin:
EPSONXXXXXXXX:EPSONXXXXXXXX
EREP:
ESSEX:
ESubscriber:
EZsetup:
Echelon:echeloncorp
Epadmin:adminEp
Eproot:admin
Eproot:adminEp
Eproot:root
Epuser:QFYqt7pU
Epuser:pXU89goU
Epuser:userEp
Ezsetup:
FAX:
FAXUSER:
FAXWORKS:
FIELD:
FIELD:HPONLY
FIELD:HPP187 SYS
FIELD:HPWORD PUB
FIELD:LOTUS
FIELD:MANAGER
FIELD:MGR
FIELD:SERVICE
FIELD:SUPPORT
FNNSD3zxhnh168nv31:Zxhnh168nv31
FSFADMIN:
FSFTASK1:
FSFTASK2:
GATEWAY:
GCS:
GEN1:gen1
GEN2:gen2
GUEST:
Geardog:Geardog
GlobalAdmin:GlobalAdmin
Guest:
Guest:Guest
HELLO:FIELD.SUPPORT
HELLO:MANAGER.SYS
HELLO:MGR.SYS
HELLO:OP.OPERATOR
HPLASER:
HPSupport:badg3r5
HTTP:HTTP
Hardcoded password:Basisk:Basisk
IDMS:
IDMSSE:
IIPS:
IPC:
IPFSERV:
ISPVM:
IVPM1:
IVPM2:
Installer:sma
IntraStack:Asante
IntraSwitch:Asante
JDE:JDE
JetAdmin:JetAdmin
Jetform:
LASER:
LASERWRITER:
LIBRARY:
LOI:1000
LUCENT01:UI-PSWD-01
LUCENT02:UI-PSWD-02
LessonUser1:
LessonUser2:
Liebert:Liebert
MAIL:
MAIL:HPOFFICE
MAIL:MAIL
MAIL:MPE
MAIL:REMOTE
MAIL:TELESUP
MAINT:
MANAGER:COGNOS
MANAGER:HPOFFICE
MANAGER:ITF3000
MANAGER:SECURITY
MANAGER:SYS
MANAGER:TCH
MANAGER:TELESUP
MDaemon:MServer
MELSEC:MELSEC
MGR:CAROLIAN
MGR:CCC
MGR:CNAS
MGR:COGNOS
MGR:CONV
MGR:HPDESK
MGR:HPOFFICE
MGR:HPONLY
MGR:HPP187
MGR:HPP189
MGR:HPP196
MGR:INTX3
MGR:ITF3000
MGR:NETBASE
MGR:REGO
MGR:RJE
MGR:ROBELLE
MGR:SECURITY
MGR:SYS
MGR:TELESUP
MGR:VESOFT
MGR:WORD
MGR:XLSERVER
MICRO:RSX
MOESERV:
Management:TestingR2
Manager:
Manager:Manager
Manager:friend
Mroot:cat1029
MyTurbine:m442+SRt
NAU:NAU
NETOP:
NETWORK:NETWORK
NEVIEW:
NICONEX:NICONEX
NSL:
NSL:NSL
Nation-E:DOS
OLTSEP:
OP1:
OPERATNS:
OPERATOR:
OPERATOR:COGNOS
OPERATOR:DISC
OPERATOR:SUPPORT
OPERATOR:SYS
OPERATOR:SYSTEM
OutOfBox:
PBX:PBX
PCUSER:SYS
PDMREMI:
PENG:
PFCUser:240653C9467E45
PHANTOM:
POST:
PRINT:
PRINTER:
PROCAL:
PRODBM:
PRODDTA:PRODDTA
PROMAIL:
PSEAdmin:$secure$
PSFMAINT:
PVM:
Polycom:SpIp
QCC QLogic66
QNUDECPU:QNUDECPU
RDM470:
RMUser1:password
ROOT:
ROUTER:
RSBCMON:SYS
RSCS:
RSCSV2:
SABRE:
SAVSYS:
SETUP:
SFCMI:
SFCNTRL:
SMART:
SPOOLMAN:HPOFFICE
SQLDBA:
SQLUSER:
SUPERVISOR:
SYSADM:sysadm
SYSADMIN:
SYSCKP:
SYSDBA:masterkey
SYSDUMP1:
SYSERR:
SYSWRM:
Service Tools:SERVICETOOL
Sharp:Sharp
StoogR:
Sweex:Mysweex
TDISK:
TEMP:
TEST:
TMAR#HWMT8007079:
TMSADM:
TSAFVM:
Test Everything:
UAMIS_:
UNITY_:
UOMNI_:
USER:USER
USERID:PASSW0RD
USER_TEMPLATE:
USHA:admin
UVPIM_:
User:
User:Password
User:User
VASTEST:
VM3812:
VMARCH:
VMASMON:
VMASSYS:
VMBACKUP:
VMBSYSAD:
VMMAP:
VMTAPE:
VMTLIBR:
VMUTIL:
VNC:winterm
VOL-0215:
VSEIPO:
VSEMAINT:
VSEMAN:
VTAM:
VTAMUSER:
VTech:VTech
WANGTEK:
WINDOWS_PASSTHRU:
WP:HPOFFICE
Wproot:cat1029
ZXDSL:ZXDSL
aaa:often blank
abarco:mistral5885
acc:acc
access:
acs:acs
adfexc:adfexc
adm:
adm:111111
adm:123456
adm:12345678
adm:1234567890
adm:1q2w3e4r
adm:abc123
adm:adm
adm:admin
adm:admin123
adm:dragon
adm:letmein
adm:master
adm:mikrotik
adm:mikrotik123
adm:monkey
adm:password
adm:password123
adm:qwerty
adm:routeros
adm:routeros123
adm:welcome
admi:
admin 
admin Password1
admin admin
admin password
admin password1
admin tomcat
admin vagrant
admin1:password
admin2:changeme
admin:
admin:!admin
admin:#1chick
admin:#1q2w3e4r#
admin:%1q2w3e4r%
admin:0
admin:0000
admin:00000000
admin:0000000000
admin:100
admin:1111
admin:11111
admin:111111
admin:1111111
admin:123
admin:1234
admin:12345
admin:123456
admin:12345678
admin:1234567812345678
admin:1234567890
admin:1Q2W#3E4R
admin:1Q2W@3E4R
admin:1q2w#3E4R
admin:1q2w#3e4r
admin:1q2w3e4r
admin:1q2w3e4r5t
admin:1q2w3e4r5t6y
admin:1q2w@3E4R
admin:1q2w@3e4r
admin:2222
admin:22222
admin:2601hx
admin:362729
admin:3UJUh2VemEfUtesEchEC2d2e
admin:4321
admin:54321
admin:7654321
admin:7ujMko0admin
admin:9999
admin:<<< %s(un='%s') = %u
admin:<<< %s(un='%s') = %u.
admin:<<< %s(un=\'%s\') = %u.
admin:<blank>
admin:<none>
admin:ABB
admin:Admin
admin:Admin123
admin:AitbISP4eCiG
admin:Ambev@2023
admin:Ascend
admin:BGCVDSL2
admin:COadmin123
admin:CenturyL1nk
admin:FacilityExpl0rer
admin:Gpon1234
admin:HP_serial_number
admin:NetCache
admin:OCS
admin:P@ssw0rd
admin:PASS
admin:Printix
admin:Protector
admin:QwestM0dem
admin:Sharp
admin:Telstra
admin:Uq-4GIt3M
admin:Web@0063
admin:Xerox
admin:Yasmim@20
admin:Zyxel*2012*
admin:aaaaaa
admin:abc123
admin:access
admin:admin
admin:admin123
admin:admin1234
admin:adminIWSS85
admin:adminadmin
admin:adslolitec
admin:algar
admin:aquario
admin:articon
admin:asante
admin:asd
admin:atlantis
admin:barricade
admin:bintec
admin:blank
admin:brisanet
admin:brother
admin:cableroot
admin:canon
admin:cat1029
admin:cciadmin
admin:changeme
admin:cisco
admin:claro
admin:cocodegrilo
admin:comcomcom
admin:conexant
admin:covid#19@mata
admin:daisy1q2w3e
admin:default
admin:dell
admin:diamond
admin:dragon
admin:dvr2580222
admin:epicrouter
admin:epson
admin:extendnet
admin:fazul2022
admin:funkwerk
admin:giga+
admin:gigamais
admin:giraff
admin:gpon
admin:gvt12345
admin:h@32LuyD
admin:hagpolm1
admin:hello
admin:hg532e
admin:hg8245
admin:hivemq
admin:ho4uku6at
admin:honeywell
admin:hp
admin:hp.com
admin:hpinvent!
admin:huawei
admin:infoblox
admin:initpass
admin:ironport
admin:isee
admin:jesusrocks
admin:kont2004
admin:labshock
admin:letmein
admin:lexmark
admin:linga
admin:loga
admin:loytec4u
admin:master
admin:meinsm
admin:michelangelo
admin:microbusiness
admin:mikrotik
admin:mikrotik123
admin:monkey
admin:motorola
admin:moxa
admin:mu
admin:my_DEMARC
admin:nCwMnJVGag
admin:netadmin
admin:netoptics
admin:noway
admin:oi
admin:operator
admin:p@ssw0rd
admin:panasonic
admin:pass
admin:password
admin:password123
admin:pentagram
admin:pfsense
admin:print
admin:printer
admin:public
admin:pwp
admin:quest
admin:qwerty
admin:radius
admin:ricoh
admin:ricoh2
admin:ricohmp
admin:rmnetlm
admin:ro48br48
admin:rockwell
admin:root
admin:routeros
admin:routeros123
admin:samsung
admin:sec00000
admin:secure
admin:setup
admin:sexy%%baby
admin:sharp123
admin:sky
admin:smallbusiness
admin:smcadmin
admin:sumicity
admin:superuser
admin:switch
admin:synnet
admin:sysAdmin
admin:system
admin:test
admin:test1
admin:toshiba
admin:user
admin:user1!
admin:vertex25ektks123
admin:visual
admin:vivo
admin:w2402
admin:wago
admin:welcome
admin:westermo
admin:x-admin
admin:xad$l#12
admin:xerox
admin:zhone
admin:zhongxing
admin:zoomadsl
administrator:
administrator:111111
administrator:1234
administrator:123456
administrator:12345678
administrator:1234567890
administrator:1q2w3e4r
administrator:St0r@ge!
administrator:abc123
administrator:admin
administrator:admin123
administrator:administrator
administrator:administrator (role KVAdministrator)
administrator:blank
administrator:dragon
administrator:letmein
administrator:master
administrator:mikrotik
administrator:mikrotik123
administrator:monkey
administrator:password
administrator:password123
administrator:qwerty
administrator:routeros
administrator:routeros123
administrator:superuser
administrator:welcome
adminstat:OCS
adminstrator:changeme
adminttd:adminttd
adminuser:OCS
adminview:OCS
ami:
anonymous:
anonymous:Exabyte
anonymous:anonymous
anonymous:any@
anonymous:blank (Ethernet access)
anonymous:guest
apc:apc
argus:argus
at4400:at4400
azureuser:
backdoor:
backup:backup
bank:bank
bbs:
bbsd-client:
bbsd-client:NULL
bbsd-client:changeme2
bciim:bciimpw
bcim:bcimpw
bcms:bcmspw
bcnas:bcnaspw
billy-bob:
bin:
bitnami:
blue:bluepw
both tomcat
browse:browsepw
browse:looker
cablecom:router
cablemodem:robotics
cac_admin:cacadmin
cas:cascade
ccrusr:ccrusr
cellit:cellit
cgadmin:cgadmin
chronos:facepunch
circ:
cisco:
cisco:cisco
client:client
cliuser:cliuser
cmaker:cmaker
cmc:password
comcast:
comcast:1234
corecess:corecess
craft:
craft:craft
craft:craftpw
craft:crftpw
cusadmin:highspeed
cust:custpw
customer:
customer:none
cxsdk kdsxc
dadmin:dadmin01
daemon:
daemon:daemon
date:
davox:davox
db2as:db2as
db2as:ibmdb2
db2fenc1:db2fenc1
db2fenc1:ibmdb2
db2inst1:db2inst
db2inst1:ibmdb2
dbadmin:sq!us3r
debug:d.e.b.u.g
debug:synnet
def:trade
default.password:
default:
default:1234
default:OxhlwSG8
default:S2fGqNFs
default:antslq
default:lJwpbo6
default:tlJwpbo6
demo:
demos:
deskalt:password
deskman:changeme
desknorm:password
deskres:password
dev:dev
device:device
dhs3mt:dhs3mt
dhs3pms:dhs3pms
diag:danger
diag:switch
digicel:digicel
distech:controls
disttech:4tas
dni:
draytek:1234
e250:e250changeme
e500:e500changeme
e8ehome:e8ehome
e8telnet:e8telnet
ec2-user:
echo:echo
eignet:inp100
emcupdate:password
enable:
enablediag:ironport
eng:engineer
enquiry:enquirypw
fal:
fax:
field:support
friday:
ftp:
ftp:anonymous
ftp:ftp
ftp_admi:kilo1987
ftp_inst:pbxk1064
ftp_nmc:tuxalize
ftp_oper:help1954
ftpuser:
ftpuser:1111
ftpuser:ftp
games:
gamez:lrkr0x
glftpd:glftpd
gonzo:
gropher:
guest:
guest:1111
guest:111111
guest:12345
guest:123456
guest:12345678
guest:1234567890
guest:1q2w3e4r
guest:abc123
guest:admin
guest:admin123
guest:dragon
guest:guest
guest:letmein
guest:master
guest:mikrotik
guest:mikrotik123
guest:monkey
guest:password
guest:password123
guest:qwerty
guest:routeros
guest:routeros123
guest:welcome
halt:
halt:tlah
hax0r:
help:
helpdesk:OCS
honeywell:webs
hsa:hsadb
hscroot:abc123
hydrasna:
iceman:
ilon:ilon
inads:inads
inads:indspw
info:
info:111111
info:123456
info:12345678
info:1234567890
info:1q2w3e4r
info:abc123
info:admin
info:admin123
info:dragon
info:letmein
info:master
info:mikrotik
info:mikrotik123
info:monkey
info:password
info:password123
info:qwerty
info:routeros
info:routeros123
info:welcome
informix:informix
init:initpw
install:llatsni
install:secret
installer:installer
intel:intel
intermec:intermec
j2deployer j2deployer
jack:
jagadmin:
jci:explorer
jetdirect:
jill:
jj:
kermit:kermit
l2:l2
l3:l3
lexar:
linksys:
locate:locatepw
login:0
login:1111
login:8429
login:access
login:admin
login:password
lp:
lp:lp
lynx:
m1122:m1122
mac:
mail:
maint:maint
maint:maintpw
maint:ntacdmax
maint:rwmaint
maintenance:maintenance
man:
manager manager
manager:
manager:111111
manager:123456
manager:12345678
manager:1234567890
manager:1q2w3e4r
manager:abc123
manager:admin
manager:admin123
manager:dragon
manager:friend
manager:letmein
manager:manager
manager:master
manager:mikrotik
manager:mikrotik123
manager:monkey
manager:password
manager:password123
manager:qwerty
manager:routeros
manager:routeros123
manager:system
manager:welcome
manuf:xxyyzz
me:
mediator:mediator
mg3500:merlin
mikrotik:
mikrotik:111111
mikrotik:123456
mikrotik:12345678
mikrotik:1234567890
mikrotik:1q2w3e4r
mikrotik:abc123
mikrotik:admin
mikrotik:admin123
mikrotik:dragon
mikrotik:letmein
mikrotik:master
mikrotik:mikrotik
mikrotik:mikrotik123
mikrotik:monkey
mikrotik:password
mikrotik:password123
mikrotik:qwerty
mikrotik:routeros
mikrotik:routeros123
mikrotik:welcome
mlusr:mlusr
mobile:alpine
monitor:monitor
mosquitto:
mother:fucker
mpi:
mqm:
mtch:mtch
mtcl:
mtcl:mtcl
naadmin:naadmin
nasadmin:nasadmin
naztec:naztec
netman:
netman:netman
netopia:netopia
netrangr:attack
netscreen:netscreen
news:
nexthink:123456
nms:nmspw
nobody:
none:0
none:admin
nsroot:nsroot
nuucp:
on:on
op:op
op:operator
opc:
openplc:openplc
operator:
operator:$chwarzepumpe
operator:111111
operator:123456
operator:12345678
operator:1234567890
operator:1q2w3e4r
operator:abc123
operator:admin
operator:admin123
operator:dragon
operator:letmein
operator:master
operator:mikrotik
operator:mikrotik123
operator:monkey
operator:operator
operator:password
operator:password123
operator:profense
operator:qwerty
operator:routeros
operator:routeros123
operator:welcome
oracle:
oracle:oracle
ovwebusr OvW*busr1
padmin:padmin
patrol:patrol
pi:raspberry
piranha:piranha
piranha:q
pmd:
poll:tech
postgres:
postmaster:
print:print
printer:printer
public:
public:public
pvserver:pvwr
r00t:
radware:radware
rapport:r@p8p0r+
rcust:rcustpw
readonly:lucenttech2
readwrite:lucenttech1
recovery:recovery
red:admin
remotessh:5SaP9I26
replication-receiver:
replicator:replicator
rewt:satori
ripeop:
ro:ro
role changethis
role1 role1
role1 tomcat
root Password1
root changethis
root owaspbwa
root password
root password1
root r00t
root root
root toor
root:
root:!2345Asdfg
root:00000000
root:0p3nm35h
root:1001chin
root:1111
root:111111
root:1234
root:12345
root:123456
root:12345678
root:1234567890
root:1234qwer
root:1q2w3e4r
root:1q2w3e4r5
root:20080826
root:3ep5w2u
root:54321
root:5up
root:666666
root:7ujMko0admin
root:7ujMko0vizxv
root:840sw
root:888888
root:Cisco
root:D13HH[
root:D13hh[
root:GM8182
root:Mau'dib
root:ROOT500
root:TANDBERG
root:W!n0&oO7.
root:Win1doW$
root:Zte521
root:abc123
root:admin
root:admin123
root:adminHW
root:adminIWSS85
root:admin_1
root:ahetzip8
root:alien
root:alpine
root:anko
root:arcsight
root:arkeia
root:artica
root:ascend
root:attack
root:awind5885
root:blender
root:calvin
root:cat1029
root:centreon
root:changeme
root:changemenow
root:cms500
root:dasdec1
root:davox
root:dbps
root:default
root:deif7800
root:dottie
root:dragon
root:dreambox
root:f00b@r
root:fivranne
root:gforge
root:grouter
root:hi3518
root:hipc3518
root:hslwificam
root:hunt5759
root:iDirect
root:ikwb
root:inflection
root:ipc71a
root:ipcam_rt5350
root:ivdev
root:juantech
root:jvbzd
root:klv123
root:klv1234
root:letacla
root:letmein
root:m
root:master
root:mikrotik
root:mikrotik123
root:monkey
root:moxa
root:nagiosxi
root:nas4free
root:nasadmin
root:oelinux123
root:openelec
root:openvpnas
root:pass
root:password
root:password123
root:permit
root:qwerty
root:rain
root:raspi
root:realtek
root:reecam4debug
root:rkwjsdusrnth
root:root
root:rootme
root:routeros
root:routeros123
root:solokey
root:svgodie
root:system
root:t0talc0ntr0l4!
root:taZz@01
root:taZz@23495859
root:testpass123
root:tini
root:toor
root:tsgoingon
root:tslinux
root:ubnt
root:user
root:vizxv
root:vmware
root:welcome
root:wh00t!
root:wyse
root:xc3511
root:xmhdipc
root:zhongxing
root:zlxx.
root:zsun1188
router:router
routeros:
routeros:111111
routeros:123456
routeros:12345678
routeros:1234567890
routeros:1q2w3e4r
routeros:abc123
routeros:admin
routeros:admin123
routeros:dragon
routeros:letmein
routeros:master
routeros:mikrotik
routeros:mikrotik123
routeros:monkey
routeros:password
routeros:password123
routeros:qwerty
routeros:routeros
routeros:routeros123
routeros:welcome
rsadmin:
rw:rw
rwa:rwa
sa:
sa:sa
sadmin:
satan:
scadabr:scadabr
scan:
scan:scan
scmadmin:scmchangeme
sconsole:12345
security:security
service:
service:ABB800xA
service:ipdongle
service:service
service:smile
setup:
setup:changeme
setup:changeme(exclamation)
setup:setup
shutdown:
simulation:Fortiphyd
smc:smcadmin
snake:
snmp:0
snmp:0392a0
snmp:1234
snmp:123456
snmp:2read
snmp:4changes
snmp:ANYCOM
snmp:Admin
snmp:BROTHER
snmp:C0de
snmp:CANON
snmp:CISCO
snmp:CR52401
snmp:Canon
snmp:DELL
snmp:EPSON
snmp:HP
snmp:IBM
snmp:ILMI
snmp:Intermec
snmp:KONICA
snmp:KYOCERA
snmp:LEXMARK
snmp:MINOLTA
snmp:NoGaH$@!
snmp:OKI
snmp:OrigEquipMfr
snmp:PRIVATE
snmp:PUBLIC
snmp:Private
snmp:Public
snmp:RICOH
snmp:SAMSUNG
snmp:SECRET
snmp:SECURITY
snmp:SHARP
snmp:SNMP
snmp:SNMP_trap
snmp:SUN
snmp:SWITCH
snmp:SYSTEM
snmp:Samsung
snmp:Secret
snmp:Security
snmp:Switch
snmp:System
snmp:TENmanUFactOryPOWER
snmp:TEST
snmp:TOSHIBA
snmp:XEROX
snmp:abc123
snmp:access
snmp:adm
snmp:admin
snmp:agent
snmp:agent_steal
snmp:all
snmp:all private
snmp:all public
snmp:apc
snmp:bintec
snmp:blue
snmp:brother
snmp:c
snmp:cable-d
snmp:cable-docsis
snmp:canon_admin
snmp:cc
snmp:cisco
snmp:community
snmp:core
snmp:debug
snmp:default
snmp:dilbert
snmp:enable
snmp:epson
snmp:external
snmp:field
snmp:field-service
snmp:freekevin
snmp:fubar
snmp:guest
snmp:hello
snmp:hp
snmp:hp_admin
snmp:ibm
snmp:ilmi
snmp:intermec
snmp:internal
snmp:jetdirect
snmp:kyocera
snmp:l2
snmp:l3
snmp:laserjet
snmp:manager
snmp:mngt
snmp:monitor
snmp:netman
snmp:network
snmp:none
snmp:openview
snmp:pass
snmp:password
snmp:pr1v4t3
snmp:printer
snmp:private
snmp:proxy
snmp:pubilc
snmp:publ1c
snmp:publc
snmp:public
snmp:pulic
snmp:read
snmp:read-only
snmp:read-write
snmp:readwrite
snmp:red
snmp:regional
snmp:ricoh
snmp:rmon
snmp:rmon_admin
snmp:ro
snmp:root
snmp:router
snmp:rw
snmp:rwa
snmp:s!a@m#n$p%c
snmp:san-fran
snmp:sanfran
snmp:scotty
snmp:secret
snmp:security
snmp:seri
snmp:sharp
snmp:snmp
snmp:snmpd
snmp:snmptrap
snmp:solaris
snmp:sun
snmp:superuser
snmp:switch
snmp:system
snmp:tech
snmp:test
snmp:test2
snmp:tiv0li
snmp:tivoli
snmp:trap
snmp:wdpf
snmp:wdpfRO
snmp:world
snmp:write
snmp:xerox
snmp:xyzzy
snmp:yellow
spcl:0
splunkadmin:changeme
storwatch:specialist
su:super
super.super:
super.super:master
super:5777364
super:debug
super:forgot
super:juniper123
super:super
super:surt
superadmin:HW@root123
superadmin:Is$uper@dmin
superadmin:secret
superadmin:superadmin
superman:21241036
superman:superman
superman:talent
superuser:
superuser:123456
superuser:admin
superuser:passw0rd
superview:superview
supervisor:
supervisor:PlsChgMe!
supervisor:PlsChgMe1
supervisor:password
supervisor:supervisor
supervisor:zyad1234
support:
support:111111
support:123456
support:12345678
support:1234567890
support:1q2w3e4r
support:abc123
support:admin
support:admin123
support:dragon
support:h179350
support:letmein
support:master
support:mikrotik
support:mikrotik123
support:monkey
support:password
support:password123
support:qwerty
support:routeros
support:routeros123
support:support
support:supportpw
support:welcome
swift:swift
sync:
sys:uplink
sysadm:anicust
sysadm:sysadm
sysadmin:PASS
sysadmin:password
sysadmin:sysadmin
sysdiag:factorycast@schneider
system/manager:sys/change_on_install
system:password
system:sys
system_admin:
target:password
teacher:password
tech:
tech:111111
tech:123456
tech:12345678
tech:1234567890
tech:1q2w3e4r
tech:abc123
tech:admin
tech:admin123
tech:dragon
tech:field
tech:letmein
tech:master
tech:mikrotik
tech:mikrotik123
tech:monkey
tech:password
tech:password123
tech:qwerty
tech:routeros
tech:routeros123
tech:tech
tech:welcome
tecnician:tecnician
telco:telco
tele2:tele2
telecom:telecom
telecomadmin:
telecomadmin:******
telecomadmin:F0xB734Fr3@j%YEP
telecomadmin:NWTF5x%RaijkX
telecomadmin:admintelecom
telecomadmin:nE7jA%5m
telecomadmin:telecomadmin
tellabs:tellabs#1
telnet:telnet
telnetadmin:telnetadmin
temp1:password
test:test
test:test1
tiara:tiaranet
tiger:tiger123
tomcat 
tomcat admin
tomcat changethis
tomcat password
tomcat password1
tomcat s3cret
tomcat tomcat
tomcat:ADMIN
tomcat:OvW*busr1
tomcat:Password1
tomcat:QLogic66
tomcat:admin
tomcat:changethis
tomcat:j2deployer
tomcat:kdsxc
tomcat:manager
tomcat:owaspba
tomcat:password
tomcat:password1
tomcat:r00t
tomcat:role1
tomcat:root
tomcat:s3cret
tomcat:tomcat
tomcat:toor
tomcat:vagrant
tomcat:xampp
toor:
topicalt:password
topicnorm:password
topicres:password
trans:trans
tridium:niagara
true:true
tutor:
tw:tw
ubnt:ubnt
ubuntu:
ucspe:ucspe
upgrade:Th0ms0n!
user1:password
user3:12345678901234567890123456789012345678901234567890123456789012345678901234567890123456789012345678901234567890123456789012345678
user:
user:111111
user:12345
user:123456
user:12345678
user:1234567890
user:1q2w3e4r
user:HuaweiUser
user:abc123
user:admin
user:admin123
user:debug
user:dragon
user:forgot
user:letmein
user:master
user:mikrotik
user:mikrotik123
user:monkey
user:pass
user:password
user:password123
user:public
user:qwerty
user:routeros
user:routeros123
user:tivonpw
user:user
user:welcome
useradmin:admin
useradmin:password
username:password
vcr:NetVCR
viewer:
viewer:12345
vodafone:vodafone
volition:
volition:volition
vstarcam2015:20150602
vt100:public
wank:wank
web:
webadmin:1234
webadmin:webadmin
webguest:1
webmaster:
websecadm:changeme
wlse:wlsedb
workstation:password
wradmin:trancell
write:private
www2:9311
www:
www:9311
x-admin:
x-admin:11111
xampp xampp
xbox:xbox
xd:xd
}:
